<html>
<body>
<pre>
<h1>µVision Build Log</h1>
<h2>Project:</h2>
C:\Users\james_000\Github\datalogger\3DAQ\Firmware\SB3_firmware.uvproj
Project File Date:  05/23/2013

<h2>Output:</h2>
Build target 'SB3'
assembling startup_stm32f10x_md_vl.s...
compiling core_cm3.c...
compiling system_stm32f10x.c...
compiling ADC.c...
compiling LEDs.c...
compiling main.c...
user\src\main.c(143): warning:  #128-D: loop is not reachable
compiling UART.c...
compiling humidity.c...
compiling LCD.c...
compiling SoftI2CMaster.c...
compiling webi2c.c...
user\src\webi2c.c(90): warning:  #550-D: variable "REG_ADDRESS" was set but never used
compiling timer.c...
compiling misc.c...
compiling stm32f10x_adc.c...
compiling stm32f10x_dma.c...
compiling stm32f10x_gpio.c...
compiling stm32f10x_rcc.c...
compiling stm32f10x_tim.c...
compiling stm32f10x_usart.c...
compiling stm32f10x_bkp.c...
compiling stm32f10x_can.c...
compiling stm32f10x_cec.c...
compiling stm32f10x_crc.c...
compiling stm32f10x_dac.c...
compiling stm32f10x_dbgmcu.c...
compiling stm32f10x_exti.c...
compiling stm32f10x_flash.c...
compiling stm32f10x_fsmc.c...
compiling stm32f10x_i2c.c...
compiling stm32f10x_iwdg.c...
compiling stm32f10x_pwr.c...
compiling stm32f10x_rtc.c...
compiling stm32f10x_sdio.c...
compiling stm32f10x_spi.c...
compiling stm32f10x_wwdg.c...
linking...
Program Size: Code=6196 RO-data=336 RW-data=124 ZI-data=1636  
"SB3_firmware.axf" - 0 Error(s), 2 Warning(s).
Build target 'SB3'
compiling main.c...
user\src\main.c(134): warning:  #128-D: loop is not reachable
compiling webi2c.c...
user\src\webi2c.c(54): warning:  #550-D: variable "REG_ADDRESS" was set but never used
linking...
Program Size: Code=6160 RO-data=336 RW-data=124 ZI-data=1636  
"SB3_firmware.axf" - 0 Error(s), 2 Warning(s).
Build target 'SB3'
compiling main.c...
user\src\main.c(128): warning:  #128-D: loop is not reachable
linking...
Program Size: Code=6160 RO-data=336 RW-data=124 ZI-data=1636  
"SB3_firmware.axf" - 0 Error(s), 1 Warning(s).
Build target 'SB3'
compiling main.c...
linking...
Program Size: Code=6392 RO-data=336 RW-data=124 ZI-data=1636  
"SB3_firmware.axf" - 0 Error(s), 0 Warning(s).
Build target 'SB3'
compiling webi2c.c...
user\src\webi2c.c(60): error:  #20: identifier "CONFIGLENGTH" is undefined
user\src\webi2c.c(62): error:  #79: expected a type specifier
user\src\webi2c.c(62): error:  #757: variable "i" is not a type name
user\src\webi2c.c(63): error:  #65: expected a ";"
user\src\webi2c.c(69): warning:  #550-D: variable "REG_ADDRESS" was set but never used
Target not created
Build target 'SB3'
compiling webi2c.c...
user\src\webi2c.c(62): error:  #79: expected a type specifier
user\src\webi2c.c(62): error:  #757: variable "i" is not a type name
user\src\webi2c.c(63): error:  #65: expected a ";"
user\src\webi2c.c(69): warning:  #550-D: variable "REG_ADDRESS" was set but never used
Target not created
Build target 'SB3'
compiling webi2c.c...
user\src\webi2c.c(69): warning:  #550-D: variable "REG_ADDRESS" was set but never used
linking...
Program Size: Code=6392 RO-data=336 RW-data=132 ZI-data=1636  
"SB3_firmware.axf" - 0 Error(s), 1 Warning(s).
Build target 'SB3'
linking...
Program Size: Code=6392 RO-data=336 RW-data=132 ZI-data=1636  
"SB3_firmware.axf" - 0 Error(s), 0 Warning(s).
Build target 'SB3'
compiling main.c...
compiling webi2c.c...
user\src\webi2c.c(69): warning:  #550-D: variable "REG_ADDRESS" was set but never used
linking...
Program Size: Code=6392 RO-data=336 RW-data=132 ZI-data=1636  
"SB3_firmware.axf" - 0 Error(s), 1 Warning(s).
Build target 'SB3'
compiling webi2c.c...
user\src\webi2c.c(49): error:  #20: identifier "CONFIGLENGTH" is undefined
user\src\webi2c.c(74): warning:  #550-D: variable "REG_ADDRESS" was set but never used
Target not created
Build target 'SB3'
compiling webi2c.c...
user\src\webi2c.c(49): error:  #20: identifier "CONFIGLENGTH" is undefined
user\src\webi2c.c(74): warning:  #550-D: variable "REG_ADDRESS" was set but never used
Target not created
Build target 'SB3'
compiling webi2c.c...
user\src\webi2c.c(74): warning:  #550-D: variable "REG_ADDRESS" was set but never used
linking...
Program Size: Code=6396 RO-data=336 RW-data=132 ZI-data=1636  
"SB3_firmware.axf" - 0 Error(s), 1 Warning(s).
Build target 'SB3'
compiling webi2c.c...
user\src\webi2c.c(79): warning:  #550-D: variable "REG_ADDRESS" was set but never used
linking...
Program Size: Code=6396 RO-data=336 RW-data=132 ZI-data=1636  
"SB3_firmware.axf" - 0 Error(s), 1 Warning(s).
Build target 'SB3'
compiling main.c...
compiling webi2c.c...
user\src\webi2c.c(79): warning:  #550-D: variable "REG_ADDRESS" was set but never used
linking...
Program Size: Code=6396 RO-data=336 RW-data=132 ZI-data=1636  
"SB3_firmware.axf" - 0 Error(s), 1 Warning(s).
Build target 'SB3'
compiling webi2c.c...
user\src\webi2c.c(79): warning:  #550-D: variable "REG_ADDRESS" was set but never used
linking...
Program Size: Code=6396 RO-data=336 RW-data=132 ZI-data=1636  
"SB3_firmware.axf" - 0 Error(s), 1 Warning(s).
Build target 'SB3'
compiling webi2c.c...
user\src\webi2c.c(61): error:  #130: expected a "{"
user\src\webi2c.c(82): warning:  #550-D: variable "REG_ADDRESS" was set but never used
Target not created
Build target 'SB3'
compiling webi2c.c...
user\src\webi2c.c(61): error:  #20: identifier "CONFIGLEGNTH" is undefined
user\src\webi2c.c(92): warning:  #550-D: variable "REG_ADDRESS" was set but never used
Target not created
Build target 'SB3'
compiling webi2c.c...
user\src\webi2c.c(92): warning:  #550-D: variable "REG_ADDRESS" was set but never used
linking...
Program Size: Code=6396 RO-data=336 RW-data=132 ZI-data=1636  
"SB3_firmware.axf" - 0 Error(s), 1 Warning(s).
Build target 'SB3'
compiling webi2c.c...
user\src\webi2c.c(66): error:  #20: identifier "currenByte" is undefined
user\src\webi2c.c(66): warning:  #223-D: function "I2C_EE_FinishLog" declared implicitly
user\src\webi2c.c(96): warning:  #550-D: variable "REG_ADDRESS" was set but never used
Target not created
Build target 'SB3'
compiling webi2c.c...
user\src\webi2c.c(73): warning:  #223-D: function "I2C_EE_FinishLog" declared implicitly
user\src\webi2c.c(103): warning:  #550-D: variable "REG_ADDRESS" was set but never used
linking...
SB3_firmware.axf: Error: L6218E: Undefined symbol I2C_EE_FinishLog (referred from webi2c.o).
Target not created
Build target 'SB3'
compiling webi2c.c...
user\src\webi2c.c(73): warning:  #177-D: variable "loglength" was declared but never referenced
user\src\webi2c.c(108): warning:  #550-D: variable "REG_ADDRESS" was set but never used
linking...
Program Size: Code=6396 RO-data=336 RW-data=132 ZI-data=1636  
"SB3_firmware.axf" - 0 Error(s), 2 Warning(s).
Build target 'SB3'
compiling webi2c.c...
user\src\webi2c.c(74): warning:  #550-D: variable "loglength" was set but never used
user\src\webi2c.c(110): warning:  #550-D: variable "REG_ADDRESS" was set but never used
linking...
Program Size: Code=6396 RO-data=336 RW-data=132 ZI-data=1636  
"SB3_firmware.axf" - 0 Error(s), 2 Warning(s).
Build target 'SB3'
compiling webi2c.c...
user\src\webi2c.c(113): warning:  #550-D: variable "REG_ADDRESS" was set but never used
linking...
Program Size: Code=6396 RO-data=336 RW-data=132 ZI-data=1636  
"SB3_firmware.axf" - 0 Error(s), 1 Warning(s).
Build target 'SB3'
compiling main.c...
.\user\inc\webi2c.h(22): error:  #130: expected a "{"
.\user\inc\webi2c.h(26): warning:  #1-D: last line of file ends without a newline
user\src\main.c(61): warning:  #12-D: parsing restarts here after previous syntax error
user\src\main.c(75): warning:  #223-D: function "delay_init" declared implicitly
user\src\main.c(78): error:  #20: identifier "LEDbyte" is undefined
user\src\main.c(93): warning:  #223-D: function "delay_ms" declared implicitly
user\src\main.c(125): warning:  #223-D: function "check_and_process_received_command" declared implicitly
user\src\main.c(136): error:  #159: declaration is incompatible with previous "check_and_process_received_command" (declared at line 125)
user\src\main.c(142): error:  #20: identifier "command_flag" is undefined
user\src\main.c(166): error:  #20: identifier "value_received" is undefined
user\src\main.c(172): error:  #20: identifier "value" is undefined
compiling webi2c.c...
.\user\inc\webi2c.h(22): error:  #130: expected a "{"
.\user\inc\webi2c.h(26): warning:  #1-D: last line of file ends without a newline
user\src\webi2c.c(67): warning:  #12-D: parsing restarts here after previous syntax error
user\src\webi2c.c(68): error:  #20: identifier "currentByte" is undefined
user\src\webi2c.c(75): error:  #20: identifier "currentByte" is undefined
user\src\webi2c.c(76): error:  #20: identifier "Config" is undefined
user\src\webi2c.c(83): error:  #20: identifier "currentByte" is undefined
user\src\webi2c.c(102): error:  #20: identifier "Config" is undefined
user\src\webi2c.c(107): error:  #20: identifier "Config" is undefined
user\src\webi2c.c(113): warning:  #550-D: variable "REG_ADDRESS" was set but never used
user\src\webi2c.c(307): error:  #20: identifier "EEPROM_ADDRESS" is undefined
user\src\webi2c.c(326): error:  #20: identifier "EEPROM_ADDRESS" is undefined
user\src\webi2c.c(373): error:  #20: identifier "EEPROM_ADDRESS" is undefined
user\src\webi2c.c(553): error:  #20: identifier "EEPROM_ADDRESS" is undefined
user\src\webi2c.c(603): error:  #20: identifier "EEPROM_ADDRESS" is undefined
Target not created
Build target 'SB3'
compiling main.c...
.\user\inc\webi2c.h(26): warning:  #1-D: last line of file ends without a newline
compiling webi2c.c...
.\user\inc\webi2c.h(26): warning:  #1-D: last line of file ends without a newline
user\src\webi2c.c(113): warning:  #550-D: variable "REG_ADDRESS" was set but never used
linking...
Program Size: Code=6396 RO-data=336 RW-data=132 ZI-data=1636  
"SB3_firmware.axf" - 0 Error(s), 3 Warning(s).
Build target 'SB3'
compiling main.c...
compiling webi2c.c...
user\src\webi2c.c(113): warning:  #550-D: variable "REG_ADDRESS" was set but never used
linking...
Program Size: Code=6396 RO-data=336 RW-data=132 ZI-data=1636  
"SB3_firmware.axf" - 0 Error(s), 1 Warning(s).
Build target 'SB3'
compiling webi2c.c...
user\src\webi2c.c(113): warning:  #550-D: variable "XYZ" was set but never used
linking...
Program Size: Code=6396 RO-data=336 RW-data=132 ZI-data=1636  
"SB3_firmware.axf" - 0 Error(s), 1 Warning(s).
Build target 'SB3'
linking...
Program Size: Code=6396 RO-data=336 RW-data=132 ZI-data=1636  
"SB3_firmware.axf" - 0 Error(s), 0 Warning(s).
Build target 'SB3'
compiling main.c...
linking...
Program Size: Code=6392 RO-data=336 RW-data=132 ZI-data=1636  
"SB3_firmware.axf" - 0 Error(s), 0 Warning(s).
Build target 'SB3'
compiling main.c...
linking...
Program Size: Code=6388 RO-data=336 RW-data=132 ZI-data=1636  
"SB3_firmware.axf" - 0 Error(s), 0 Warning(s).
Build target 'SB3'
linking...
Program Size: Code=6388 RO-data=336 RW-data=132 ZI-data=1636  
"SB3_firmware.axf" - 0 Error(s), 0 Warning(s).
Build target 'SB3'
compiling main.c...
compiling webi2c.c...
user\src\webi2c.c(69): error:  #20: identifier "i" is undefined
user\src\webi2c.c(71): error:  #167: argument of type "char" is incompatible with parameter of type "uint8_t *"
user\src\webi2c.c(72): warning:  #223-D: function "UART_send_byte" declared implicitly
user\src\webi2c.c(123): warning:  #550-D: variable "XYZ" was set but never used
Target not created
Build target 'SB3'
compiling webi2c.c...
user\src\webi2c.c(69): error:  #20: identifier "i" is undefined
user\src\webi2c.c(71): warning:  #167-D: argument of type "char *" is incompatible with parameter of type "uint8_t *"
user\src\webi2c.c(72): warning:  #223-D: function "UART_send_byte" declared implicitly
user\src\webi2c.c(123): warning:  #550-D: variable "XYZ" was set but never used
Target not created
Build target 'SB3'
compiling webi2c.c...
user\src\webi2c.c(69): error:  #20: identifier "i" is undefined
user\src\webi2c.c(72): warning:  #223-D: function "UART_send_byte" declared implicitly
user\src\webi2c.c(123): warning:  #550-D: variable "XYZ" was set but never used
Target not created
Build target 'SB3'
compiling webi2c.c...
user\src\webi2c.c(73): warning:  #223-D: function "UART_send_byte" declared implicitly
user\src\webi2c.c(124): warning:  #550-D: variable "XYZ" was set but never used
linking...
Program Size: Code=6388 RO-data=336 RW-data=132 ZI-data=1636  
"SB3_firmware.axf" - 0 Error(s), 2 Warning(s).
Build target 'SB3'
compiling webi2c.c...
user\src\webi2c.c(125): warning:  #550-D: variable "XYZ" was set but never used
linking...
Program Size: Code=6388 RO-data=336 RW-data=132 ZI-data=1636  
"SB3_firmware.axf" - 0 Error(s), 1 Warning(s).
Build target 'SB3'
compiling webi2c.c...
user\src\webi2c.c(80): warning:  #223-D: function "setLEDS" declared implicitly
user\src\webi2c.c(85): warning:  #223-D: function "setLEDS" declared implicitly
user\src\webi2c.c(135): warning:  #550-D: variable "XYZ" was set but never used
linking...
Program Size: Code=6388 RO-data=336 RW-data=172 ZI-data=1636  
"SB3_firmware.axf" - 0 Error(s), 3 Warning(s).
Build target 'SB3'
compiling webi2c.c...
user\src\webi2c.c(136): warning:  #550-D: variable "XYZ" was set but never used
linking...
Program Size: Code=6388 RO-data=336 RW-data=172 ZI-data=1636  
"SB3_firmware.axf" - 0 Error(s), 1 Warning(s).
