ARM Linker, 5.03 [Build 69] [MDK-ARM Lite]

==============================================================================

Section Cross References

    startup_stm32f10x_md_vl.o(STACK) refers (Special) to heapauxi.o(.text) for __use_two_region_memory
    startup_stm32f10x_md_vl.o(HEAP) refers (Special) to heapauxi.o(.text) for __use_two_region_memory
    startup_stm32f10x_md_vl.o(RESET) refers (Special) to heapauxi.o(.text) for __use_two_region_memory
    startup_stm32f10x_md_vl.o(RESET) refers to startup_stm32f10x_md_vl.o(STACK) for __initial_sp
    startup_stm32f10x_md_vl.o(RESET) refers to startup_stm32f10x_md_vl.o(.text) for Reset_Handler
    startup_stm32f10x_md_vl.o(RESET) refers to uart.o(i.USART1_IRQHandler) for USART1_IRQHandler
    startup_stm32f10x_md_vl.o(.text) refers (Special) to heapauxi.o(.text) for __use_two_region_memory
    startup_stm32f10x_md_vl.o(.text) refers to system_stm32f10x.o(i.SystemInit) for SystemInit
    startup_stm32f10x_md_vl.o(.text) refers to __main.o(!!!main) for __main
    startup_stm32f10x_md_vl.o(.text) refers to startup_stm32f10x_md_vl.o(HEAP) for Heap_Mem
    startup_stm32f10x_md_vl.o(.text) refers to startup_stm32f10x_md_vl.o(STACK) for Stack_Mem
    system_stm32f10x.o(i.SetSysClock) refers to system_stm32f10x.o(i.SetSysClockTo24) for SetSysClockTo24
    system_stm32f10x.o(i.SystemCoreClockUpdate) refers to system_stm32f10x.o(.data) for SystemCoreClock
    system_stm32f10x.o(i.SystemInit) refers to system_stm32f10x.o(i.SetSysClock) for SetSysClock
    adc.o(i.ADC_Config) refers to stm32f10x_adc.o(i.ADC_Init) for ADC_Init
    adc.o(i.ADC_Config) refers to stm32f10x_adc.o(i.ADC_RegularChannelConfig) for ADC_RegularChannelConfig
    adc.o(i.ADC_Config) refers to stm32f10x_adc.o(i.ADC_Cmd) for ADC_Cmd
    adc.o(i.ADC_GPIO_Config) refers to stm32f10x_gpio.o(i.GPIO_Init) for GPIO_Init
    adc.o(i.ADC_RCC_Config) refers to stm32f10x_rcc.o(i.RCC_ADCCLKConfig) for RCC_ADCCLKConfig
    adc.o(i.ADC_RCC_Config) refers to stm32f10x_rcc.o(i.RCC_AHBPeriphClockCmd) for RCC_AHBPeriphClockCmd
    adc.o(i.ADC_RCC_Config) refers to stm32f10x_rcc.o(i.RCC_APB2PeriphClockCmd) for RCC_APB2PeriphClockCmd
    adc.o(i.ADC_init) refers to adc.o(i.ADC_RCC_Config) for ADC_RCC_Config
    adc.o(i.ADC_init) refers to adc.o(i.ADC_GPIO_Config) for ADC_GPIO_Config
    adc.o(i.ADC_init) refers to adc.o(i.ADC_Config) for ADC_Config
    adc.o(i.ADC_perform_single_conversion) refers to stm32f10x_adc.o(i.ADC_ClearFlag) for ADC_ClearFlag
    adc.o(i.ADC_perform_single_conversion) refers to stm32f10x_adc.o(i.ADC_SoftwareStartConvCmd) for ADC_SoftwareStartConvCmd
    adc.o(i.ADC_perform_single_conversion) refers to stm32f10x_adc.o(i.ADC_GetFlagStatus) for ADC_GetFlagStatus
    adc.o(i.ADC_perform_single_conversion) refers to stm32f10x_adc.o(i.ADC_GetConversionValue) for ADC_GetConversionValue
    adc.o(i.getTemperature) refers to adc.o(i.ADC_perform_single_conversion) for ADC_perform_single_conversion
    leds.o(i.LED_off) refers to stm32f10x_gpio.o(i.GPIO_ResetBits) for GPIO_ResetBits
    leds.o(i.LED_off) refers to leds.o(.data) for LED
    leds.o(i.LED_on) refers to stm32f10x_gpio.o(i.GPIO_SetBits) for GPIO_SetBits
    leds.o(i.LED_on) refers to leds.o(.data) for LED
    leds.o(i.init_GPIO_pins) refers to stm32f10x_rcc.o(i.RCC_APB2PeriphClockCmd) for RCC_APB2PeriphClockCmd
    leds.o(i.init_GPIO_pins) refers to stm32f10x_gpio.o(i.GPIO_Init) for GPIO_Init
    leds.o(i.setLEDS) refers to stm32f10x_gpio.o(i.GPIO_SetBits) for GPIO_SetBits
    leds.o(i.setLEDS) refers to stm32f10x_gpio.o(i.GPIO_ResetBits) for GPIO_ResetBits
    leds.o(i.setLEDS) refers to main.o(.data) for LEDbyte
    main.o(i.check_and_process_received_command) refers to adc.o(i.ADC_perform_single_conversion) for ADC_perform_single_conversion
    main.o(i.check_and_process_received_command) refers to uart.o(i.UART_send_byte) for UART_send_byte
    main.o(i.check_and_process_received_command) refers to leds.o(i.LED_off) for LED_off
    main.o(i.check_and_process_received_command) refers to leds.o(i.LED_on) for LED_on
    main.o(i.check_and_process_received_command) refers to main.o(.data) for command_flag
    main.o(i.main) refers to leds.o(i.init_GPIO_pins) for init_GPIO_pins
    main.o(i.main) refers to leds.o(i.LED_on) for LED_on
    main.o(i.main) refers to timer.o(i.delay_init) for delay_init
    main.o(i.main) refers to leds.o(i.LED_off) for LED_off
    main.o(i.main) refers to lcd.o(i.LCDINIT) for LCDINIT
    main.o(i.main) refers to lcd.o(i.home) for home
    main.o(i.main) refers to lcd.o(i.clear) for clear
    main.o(i.main) refers to lcd.o(i.display) for display
    main.o(i.main) refers to lcd.o(i.noCursor) for noCursor
    main.o(i.main) refers to lcd.o(i.noBlink) for noBlink
    main.o(i.main) refers to lcd.o(i.write) for write
    main.o(i.main) refers to timer.o(i.delay_ms) for delay_ms
    main.o(i.main) refers to uart.o(i.UART_init) for UART_init
[...]
    Removing stm32f10x_dac.o(i.DAC_ITConfig), (40 bytes).
    Removing stm32f10x_dac.o(i.DAC_Init), (52 bytes).
    Removing stm32f10x_dac.o(i.DAC_SetChannel1Data), (32 bytes).
    Removing stm32f10x_dac.o(i.DAC_SetChannel2Data), (32 bytes).
    Removing stm32f10x_dac.o(i.DAC_SetDualChannelData), (36 bytes).
    Removing stm32f10x_dac.o(i.DAC_SoftwareTriggerCmd), (44 bytes).
    Removing stm32f10x_dac.o(i.DAC_StructInit), (12 bytes).
    Removing stm32f10x_dac.o(i.DAC_WaveGenerationCmd), (40 bytes).
    Removing stm32f10x_dbgmcu.o(i.DBGMCU_Config), (32 bytes).
    Removing stm32f10x_dbgmcu.o(i.DBGMCU_GetDEVID), (16 bytes).
    Removing stm32f10x_dbgmcu.o(i.DBGMCU_GetREVID), (12 bytes).
    Removing stm32f10x_exti.o(i.EXTI_ClearFlag), (12 bytes).
    Removing stm32f10x_exti.o(i.EXTI_ClearITPendingBit), (12 bytes).
    Removing stm32f10x_exti.o(i.EXTI_DeInit), (36 bytes).
    Removing stm32f10x_exti.o(i.EXTI_GenerateSWInterrupt), (16 bytes).
    Removing stm32f10x_exti.o(i.EXTI_GetFlagStatus), (24 bytes).
    Removing stm32f10x_exti.o(i.EXTI_GetITStatus), (40 bytes).
    Removing stm32f10x_exti.o(i.EXTI_Init), (148 bytes).
    Removing stm32f10x_exti.o(i.EXTI_StructInit), (16 bytes).
    Removing stm32f10x_flash.o(i.FLASH_ClearFlag), (12 bytes).
    Removing stm32f10x_flash.o(i.FLASH_EnableWriteProtection), (196 bytes).
    Removing stm32f10x_flash.o(i.FLASH_EraseAllBank1Pages), (72 bytes).
    Removing stm32f10x_flash.o(i.FLASH_EraseAllPages), (72 bytes).
    Removing stm32f10x_flash.o(i.FLASH_EraseOptionBytes), (168 bytes).
    Removing stm32f10x_flash.o(i.FLASH_ErasePage), (76 bytes).
    Removing stm32f10x_flash.o(i.FLASH_GetBank1Status), (52 bytes).
    Removing stm32f10x_flash.o(i.FLASH_GetFlagStatus), (48 bytes).
    Removing stm32f10x_flash.o(i.FLASH_GetPrefetchBufferStatus), (24 bytes).
    Removing stm32f10x_flash.o(i.FLASH_GetReadOutProtectionStatus), (24 bytes).
    Removing stm32f10x_flash.o(i.FLASH_GetStatus), (52 bytes).
    Removing stm32f10x_flash.o(i.FLASH_GetUserOptionByte), (12 bytes).
    Removing stm32f10x_flash.o(i.FLASH_GetWriteProtectionOptionByte), (12 bytes).
    Removing stm32f10x_flash.o(i.FLASH_HalfCycleAccessCmd), (28 bytes).
    Removing stm32f10x_flash.o(i.FLASH_ITConfig), (32 bytes).
    Removing stm32f10x_flash.o(i.FLASH_Lock), (20 bytes).
    Removing stm32f10x_flash.o(i.FLASH_LockBank1), (20 bytes).
    Removing stm32f10x_flash.o(i.FLASH_PrefetchBufferCmd), (28 bytes).
    Removing stm32f10x_flash.o(i.FLASH_ProgramHalfWord), (64 bytes).
    Removing stm32f10x_flash.o(i.FLASH_ProgramOptionByteData), (84 bytes).
    Removing stm32f10x_flash.o(i.FLASH_ProgramWord), (108 bytes).
    Removing stm32f10x_flash.o(i.FLASH_ReadOutProtection), (172 bytes).
    Removing stm32f10x_flash.o(i.FLASH_SetLatency), (24 bytes).
    Removing stm32f10x_flash.o(i.FLASH_Unlock), (24 bytes).
    Removing stm32f10x_flash.o(i.FLASH_UnlockBank1), (24 bytes).
    Removing stm32f10x_flash.o(i.FLASH_UserOptionByteConfig), (104 bytes).
    Removing stm32f10x_flash.o(i.FLASH_WaitForLastBank1Operation), (38 bytes).
    Removing stm32f10x_flash.o(i.FLASH_WaitForLastOperation), (38 bytes).
    Removing stm32f10x_fsmc.o(i.FSMC_ClearFlag), (72 bytes).
    Removing stm32f10x_fsmc.o(i.FSMC_ClearITPendingBit), (72 bytes).
    Removing stm32f10x_fsmc.o(i.FSMC_GetECC), (28 bytes).
    Removing stm32f10x_fsmc.o(i.FSMC_GetFlagStatus), (56 bytes).
    Removing stm32f10x_fsmc.o(i.FSMC_GetITStatus), (68 bytes).
    Removing stm32f10x_fsmc.o(i.FSMC_ITConfig), (136 bytes).
    Removing stm32f10x_fsmc.o(i.FSMC_NANDCmd), (92 bytes).
    Removing stm32f10x_fsmc.o(i.FSMC_NANDDeInit), (72 bytes).
    Removing stm32f10x_fsmc.o(i.FSMC_NANDECCCmd), (92 bytes).
    Removing stm32f10x_fsmc.o(i.FSMC_NANDInit), (140 bytes).
    Removing stm32f10x_fsmc.o(i.FSMC_NANDStructInit), (54 bytes).
    Removing stm32f10x_fsmc.o(i.FSMC_NORSRAMCmd), (52 bytes).
    Removing stm32f10x_fsmc.o(i.FSMC_NORSRAMDeInit), (56 bytes).
    Removing stm32f10x_fsmc.o(i.FSMC_NORSRAMInit), (224 bytes).
    Removing stm32f10x_fsmc.o(i.FSMC_NORSRAMStructInit), (114 bytes).
    Removing stm32f10x_fsmc.o(i.FSMC_PCCARDCmd), (48 bytes).
    Removing stm32f10x_fsmc.o(i.FSMC_PCCARDDeInit), (48 bytes).
    Removing stm32f10x_fsmc.o(i.FSMC_PCCARDInit), (136 bytes).
    Removing stm32f10x_fsmc.o(i.FSMC_PCCARDStructInit), (60 bytes).
    Removing stm32f10x_i2c.o(i.I2C_ARPCmd), (24 bytes).
    Removing stm32f10x_i2c.o(i.I2C_CalculatePEC), (24 bytes).
    Removing stm32f10x_i2c.o(i.I2C_ClearFlag), (12 bytes).
    Removing stm32f10x_i2c.o(i.I2C_ClearITPendingBit), (12 bytes).
    Removing stm32f10x_i2c.o(i.I2C_DMACmd), (24 bytes).
    Removing stm32f10x_i2c.o(i.I2C_DMALastTransferCmd), (24 bytes).
    Removing stm32f10x_i2c.o(i.I2C_DeInit), (56 bytes).
    Removing stm32f10x_i2c.o(i.I2C_DualAddressCmd), (24 bytes).
    Removing stm32f10x_i2c.o(i.I2C_FastModeDutyCycleConfig), (28 bytes).
    Removing stm32f10x_i2c.o(i.I2C_GeneralCallCmd), (24 bytes).
    Removing stm32f10x_i2c.o(i.I2C_GetITStatus), (38 bytes).
    Removing stm32f10x_i2c.o(i.I2C_GetLastEvent), (26 bytes).
    Removing stm32f10x_i2c.o(i.I2C_GetPEC), (8 bytes).
    Removing stm32f10x_i2c.o(i.I2C_ITConfig), (18 bytes).
    Removing stm32f10x_i2c.o(i.I2C_NACKPositionConfig), (28 bytes).
    Removing stm32f10x_i2c.o(i.I2C_OwnAddress2Config), (22 bytes).
    Removing stm32f10x_i2c.o(i.I2C_PECPositionConfig), (28 bytes).
    Removing stm32f10x_i2c.o(i.I2C_ReadRegister), (22 bytes).
    Removing stm32f10x_i2c.o(i.I2C_SMBusAlertConfig), (28 bytes).
    Removing stm32f10x_i2c.o(i.I2C_SoftwareResetCmd), (22 bytes).
    Removing stm32f10x_i2c.o(i.I2C_StretchClockCmd), (24 bytes).
    Removing stm32f10x_i2c.o(i.I2C_StructInit), (30 bytes).
    Removing stm32f10x_i2c.o(i.I2C_TransmitPEC), (24 bytes).
    Removing stm32f10x_iwdg.o(i.IWDG_Enable), (16 bytes).
    Removing stm32f10x_iwdg.o(i.IWDG_GetFlagStatus), (24 bytes).
    Removing stm32f10x_iwdg.o(i.IWDG_ReloadCounter), (16 bytes).
    Removing stm32f10x_iwdg.o(i.IWDG_SetPrescaler), (12 bytes).
    Removing stm32f10x_iwdg.o(i.IWDG_SetReload), (12 bytes).
    Removing stm32f10x_iwdg.o(i.IWDG_WriteAccessCmd), (12 bytes).
    Removing stm32f10x_pwr.o(i.PWR_BackupAccessCmd), (12 bytes).
    Removing stm32f10x_pwr.o(i.PWR_ClearFlag), (20 bytes).
    Removing stm32f10x_pwr.o(i.PWR_DeInit), (22 bytes).
    Removing stm32f10x_pwr.o(i.PWR_EnterSTANDBYMode), (52 bytes).
    Removing stm32f10x_pwr.o(i.PWR_EnterSTOPMode), (64 bytes).
    Removing stm32f10x_pwr.o(i.PWR_GetFlagStatus), (24 bytes).
    Removing stm32f10x_pwr.o(i.PWR_PVDCmd), (12 bytes).
    Removing stm32f10x_pwr.o(i.PWR_PVDLevelConfig), (24 bytes).
    Removing stm32f10x_pwr.o(i.PWR_WakeUpPinCmd), (12 bytes).
    Removing stm32f10x_rtc.o(i.RTC_ClearFlag), (16 bytes).
    Removing stm32f10x_rtc.o(i.RTC_ClearITPendingBit), (16 bytes).
    Removing stm32f10x_rtc.o(i.RTC_EnterConfigMode), (20 bytes).
    Removing stm32f10x_rtc.o(i.RTC_ExitConfigMode), (20 bytes).
    Removing stm32f10x_rtc.o(i.RTC_GetCounter), (20 bytes).
    Removing stm32f10x_rtc.o(i.RTC_GetDivider), (24 bytes).
    Removing stm32f10x_rtc.o(i.RTC_GetFlagStatus), (24 bytes).
    Removing stm32f10x_rtc.o(i.RTC_GetITStatus), (36 bytes).
    Removing stm32f10x_rtc.o(i.RTC_ITConfig), (32 bytes).
    Removing stm32f10x_rtc.o(i.RTC_SetAlarm), (28 bytes).
    Removing stm32f10x_rtc.o(i.RTC_SetCounter), (28 bytes).
    Removing stm32f10x_rtc.o(i.RTC_SetPrescaler), (32 bytes).
    Removing stm32f10x_rtc.o(i.RTC_WaitForLastTask), (20 bytes).
    Removing stm32f10x_rtc.o(i.RTC_WaitForSynchro), (32 bytes).
    Removing stm32f10x_sdio.o(i.SDIO_CEATAITCmd), (16 bytes).
    Removing stm32f10x_sdio.o(i.SDIO_ClearFlag), (12 bytes).
    Removing stm32f10x_sdio.o(i.SDIO_ClearITPendingBit), (12 bytes).
    Removing stm32f10x_sdio.o(i.SDIO_ClockCmd), (12 bytes).
    Removing stm32f10x_sdio.o(i.SDIO_CmdStructInit), (14 bytes).
    Removing stm32f10x_sdio.o(i.SDIO_CommandCompletionCmd), (12 bytes).
    Removing stm32f10x_sdio.o(i.SDIO_DMACmd), (12 bytes).
    Removing stm32f10x_sdio.o(i.SDIO_DataConfig), (48 bytes).
    Removing stm32f10x_sdio.o(i.SDIO_DataStructInit), (20 bytes).
    Removing stm32f10x_sdio.o(i.SDIO_DeInit), (36 bytes).
    Removing stm32f10x_sdio.o(i.SDIO_GetCommandResponse), (12 bytes).
    Removing stm32f10x_sdio.o(i.SDIO_GetDataCounter), (12 bytes).
    Removing stm32f10x_sdio.o(i.SDIO_GetFIFOCount), (12 bytes).
    Removing stm32f10x_sdio.o(i.SDIO_GetFlagStatus), (24 bytes).
    Removing stm32f10x_sdio.o(i.SDIO_GetITStatus), (24 bytes).
    Removing stm32f10x_sdio.o(i.SDIO_GetPowerState), (16 bytes).
    Removing stm32f10x_sdio.o(i.SDIO_GetResponse), (24 bytes).
    Removing stm32f10x_sdio.o(i.SDIO_ITConfig), (32 bytes).
    Removing stm32f10x_sdio.o(i.SDIO_Init), (48 bytes).
    Removing stm32f10x_sdio.o(i.SDIO_ReadData), (12 bytes).
    Removing stm32f10x_sdio.o(i.SDIO_SendCEATACmd), (12 bytes).
    Removing stm32f10x_sdio.o(i.SDIO_SendCommand), (44 bytes).
    Removing stm32f10x_sdio.o(i.SDIO_SendSDIOSuspendCmd), (12 bytes).
    Removing stm32f10x_sdio.o(i.SDIO_SetPowerState), (28 bytes).
    Removing stm32f10x_sdio.o(i.SDIO_SetSDIOOperation), (12 bytes).
    Removing stm32f10x_sdio.o(i.SDIO_SetSDIOReadWaitMode), (12 bytes).
    Removing stm32f10x_sdio.o(i.SDIO_StartSDIOReadWait), (12 bytes).
    Removing stm32f10x_sdio.o(i.SDIO_StopSDIOReadWait), (12 bytes).
    Removing stm32f10x_sdio.o(i.SDIO_StructInit), (16 bytes).
    Removing stm32f10x_sdio.o(i.SDIO_WriteData), (12 bytes).
    Removing stm32f10x_spi.o(i.I2S_Cmd), (24 bytes).
    Removing stm32f10x_spi.o(i.I2S_Init), (232 bytes).
    Removing stm32f10x_spi.o(i.I2S_StructInit), (20 bytes).
    Removing stm32f10x_spi.o(i.SPI_BiDirectionalLineConfig), (28 bytes).
    Removing stm32f10x_spi.o(i.SPI_CalculateCRC), (24 bytes).
    Removing stm32f10x_spi.o(i.SPI_Cmd), (24 bytes).
    Removing stm32f10x_spi.o(i.SPI_DataSizeConfig), (18 bytes).
    Removing stm32f10x_spi.o(i.SPI_GetCRC), (16 bytes).
    Removing stm32f10x_spi.o(i.SPI_GetCRCPolynomial), (6 bytes).
    Removing stm32f10x_spi.o(i.SPI_I2S_ClearFlag), (6 bytes).
    Removing stm32f10x_spi.o(i.SPI_I2S_ClearITPendingBit), (20 bytes).
    Removing stm32f10x_spi.o(i.SPI_I2S_DMACmd), (18 bytes).
    Removing stm32f10x_spi.o(i.SPI_I2S_DeInit), (88 bytes).
    Removing stm32f10x_spi.o(i.SPI_I2S_GetFlagStatus), (18 bytes).
    Removing stm32f10x_spi.o(i.SPI_I2S_GetITStatus), (52 bytes).
    Removing stm32f10x_spi.o(i.SPI_I2S_ITConfig), (32 bytes).
    Removing stm32f10x_spi.o(i.SPI_I2S_ReceiveData), (6 bytes).
    Removing stm32f10x_spi.o(i.SPI_I2S_SendData), (4 bytes).
    Removing stm32f10x_spi.o(i.SPI_Init), (60 bytes).
    Removing stm32f10x_spi.o(i.SPI_NSSInternalSoftwareConfig), (30 bytes).
    Removing stm32f10x_spi.o(i.SPI_SSOutputCmd), (24 bytes).
    Removing stm32f10x_spi.o(i.SPI_StructInit), (24 bytes).
    Removing stm32f10x_spi.o(i.SPI_TransmitCRC), (10 bytes).
    Removing stm32f10x_wwdg.o(i.WWDG_ClearFlag), (12 bytes).
    Removing stm32f10x_wwdg.o(i.WWDG_DeInit), (22 bytes).
    Removing stm32f10x_wwdg.o(i.WWDG_Enable), (16 bytes).
    Removing stm32f10x_wwdg.o(i.WWDG_EnableIT), (12 bytes).
    Removing stm32f10x_wwdg.o(i.WWDG_GetFlagStatus), (12 bytes).
    Removing stm32f10x_wwdg.o(i.WWDG_SetCounter), (16 bytes).
    Removing stm32f10x_wwdg.o(i.WWDG_SetPrescaler), (24 bytes).
    Removing stm32f10x_wwdg.o(i.WWDG_SetWindowValue), (40 bytes).

463 unused section(s) (total 18844 bytes) removed from the image.

==============================================================================

Image Symbol Table

    Local Symbols

    Symbol Name                              Value     Ov Type        Size  Object(Section)

    ../clib/angel/boardlib.s                 0x00000000   Number         0  boardinit1.o ABSOLUTE
    ../clib/angel/boardlib.s                 0x00000000   Number         0  boardinit2.o ABSOLUTE
    ../clib/angel/boardlib.s                 0x00000000   Number         0  boardinit3.o ABSOLUTE
    ../clib/angel/boardlib.s                 0x00000000   Number         0  boardshut.o ABSOLUTE
    ../clib/angel/dczerorl2.s                0x00000000   Number         0  __dczerorl2.o ABSOLUTE
    ../clib/angel/handlers.s                 0x00000000   Number         0  __scatter_zi.o ABSOLUTE
    ../clib/angel/kernel.s                   0x00000000   Number         0  rtentry2.o ABSOLUTE
    ../clib/angel/kernel.s                   0x00000000   Number         0  rtentry4.o ABSOLUTE
    ../clib/angel/kernel.s                   0x00000000   Number         0  rtentry.o ABSOLUTE
    ../clib/angel/kernel.s                   0x00000000   Number         0  rtexit2.o ABSOLUTE
    ../clib/angel/kernel.s                   0x00000000   Number         0  rtexit.o ABSOLUTE
    ../clib/angel/rt.s                       0x00000000   Number         0  rt_raise.o ABSOLUTE
    ../clib/angel/scatter.s                  0x00000000   Number         0  __scatter.o ABSOLUTE
    ../clib/angel/startup.s                  0x00000000   Number         0  __main.o ABSOLUTE
    ../clib/angel/sys.s                      0x00000000   Number         0  sys_stackheap_outer.o ABSOLUTE
    ../clib/angel/sys.s                      0x00000000   Number         0  libspace.o ABSOLUTE
    ../clib/angel/sys.s                      0x00000000   Number         0  use_no_semi.o ABSOLUTE
    ../clib/angel/sys.s                      0x00000000   Number         0  indicate_semi.o ABSOLUTE
    ../clib/angel/sysapp.c                   0x00000000   Number         0  sys_command.o ABSOLUTE
    ../clib/angel/sysapp.c                   0x00000000   Number         0  sys_wrch.o ABSOLUTE
    ../clib/angel/sysapp.c                   0x00000000   Number         0  sys_exit.o ABSOLUTE
    ../clib/armsys.c                         0x00000000   Number         0  no_argv.o ABSOLUTE
    ../clib/armsys.c                         0x00000000   Number         0  _get_argv_nomalloc.o ABSOLUTE
    ../clib/armsys.c                         0x00000000   Number         0  argv_veneer.o ABSOLUTE
    ../clib/armsys.c                         0x00000000   Number         0  argv_veneer.o ABSOLUTE
    ../clib/heapalloc.c                      0x00000000   Number         0  hrguard.o ABSOLUTE
    ../clib/heapaux.c                        0x00000000   Number         0  heapauxi.o ABSOLUTE
    ../clib/libinit.s                        0x00000000   Number         0  libinit.o ABSOLUTE
    ../clib/libinit.s                        0x00000000   Number         0  libinit2.o ABSOLUTE
    ../clib/libinit.s                        0x00000000   Number         0  libshutdown.o ABSOLUTE
    ../clib/libinit.s                        0x00000000   Number         0  libshutdown2.o ABSOLUTE
    ../clib/signal.c                         0x00000000   Number         0  defsig_rtmem_formal.o ABSOLUTE
    ../clib/signal.c                         0x00000000   Number         0  defsig_general.o ABSOLUTE
    ../clib/signal.c                         0x00000000   Number         0  __raise.o ABSOLUTE
    ../clib/signal.c                         0x00000000   Number         0  defsig_rtmem_outer.o ABSOLUTE
    ../clib/signal.c                         0x00000000   Number         0  defsig_abrt_inner.o ABSOLUTE
    ../clib/signal.c                         0x00000000   Number         0  defsig_fpe_inner.o ABSOLUTE
    ../clib/signal.c                         0x00000000   Number         0  defsig_stak_inner.o ABSOLUTE
    ../clib/signal.c                         0x00000000   Number         0  defsig_pvfn_inner.o ABSOLUTE
    ../clib/signal.c                         0x00000000   Number         0  defsig_cppl_inner.o ABSOLUTE
    ../clib/signal.c                         0x00000000   Number         0  defsig_rtmem_inner.o ABSOLUTE
    ../clib/signal.c                         0x00000000   Number         0  defsig_segv_inner.o ABSOLUTE
    ../clib/signal.c                         0x00000000   Number         0  defsig_exit.o ABSOLUTE
    ../clib/signal.c                         0x00000000   Number         0  defsig_other.o ABSOLUTE
    ../clib/signal.c                         0x00000000   Number         0  defsig_rtred_inner.o ABSOLUTE
    ../clib/signal.s                         0x00000000   Number         0  defsig.o ABSOLUTE
    ../clib/stdlib.c                         0x00000000   Number         0  exit.o ABSOLUTE
    ../fplib/d2f.s                           0x00000000   Number         0  d2f.o ABSOLUTE
    ../fplib/dflt.s                          0x00000000   Number         0  dflt_clz.o ABSOLUTE
    ../fplib/dmul.s                          0x00000000   Number         0  dmul.o ABSOLUTE
    ../fplib/dnaninf.s                       0x00000000   Number         0  dnaninf.o ABSOLUTE
    ../fplib/dretinf.s                       0x00000000   Number         0  dretinf.o ABSOLUTE
    ../fplib/faddsub.s                       0x00000000   Number         0  faddsub_clz.o ABSOLUTE
    ../fplib/fcmpi.s                         0x00000000   Number         0  fcmpi.o ABSOLUTE
    ../fplib/fdiv.s                          0x00000000   Number         0  fdiv.o ABSOLUTE
    ../fplib/ffix.s                          0x00000000   Number         0  ffix.o ABSOLUTE
    ../fplib/fflt.s                          0x00000000   Number         0  fflt_clz.o ABSOLUTE
    ../fplib/fleqf.s                         0x00000000   Number         0  fleqf.o ABSOLUTE
    ../fplib/fmul.s                          0x00000000   Number         0  fmul.o ABSOLUTE
    ../fplib/fnaninf.s                       0x00000000   Number         0  fnaninf.o ABSOLUTE
    ../fplib/fpinit.s                        0x00000000   Number         0  fpinit.o ABSOLUTE
    ../fplib/fretinf.s                       0x00000000   Number         0  fretinf.o ABSOLUTE
    ../fplib/usenofp.s                       0x00000000   Number         0  usenofp.o ABSOLUTE
    dc.s                                     0x00000000   Number         0  dc.o ABSOLUTE
    lib\CMSIS\CM3\CoreSupport\core_cm3.c     0x00000000   Number         0  core_cm3.o ABSOLUTE
    lib\CMSIS\CM3\DeviceSupport\ST\STM32F10x\system_stm32f10x.c 0x00000000   Number         0  system_stm32f10x.o ABSOLUTE
    lib\STM32F10x_StdPeriph_Driver\src\misc.c 0x00000000   Number         0  misc.o ABSOLUTE
    lib\STM32F10x_StdPeriph_Driver\src\stm32f10x_adc.c 0x00000000   Number         0  stm32f10x_adc.o ABSOLUTE
    lib\STM32F10x_StdPeriph_Driver\src\stm32f10x_bkp.c 0x00000000   Number         0  stm32f10x_bkp.o ABSOLUTE
    lib\STM32F10x_StdPeriph_Driver\src\stm32f10x_can.c 0x00000000   Number         0  stm32f10x_can.o ABSOLUTE
    lib\STM32F10x_StdPeriph_Driver\src\stm32f10x_cec.c 0x00000000   Number         0  stm32f10x_cec.o ABSOLUTE
    lib\STM32F10x_StdPeriph_Driver\src\stm32f10x_crc.c 0x00000000   Number         0  stm32f10x_crc.o ABSOLUTE
    lib\STM32F10x_StdPeriph_Driver\src\stm32f10x_dac.c 0x00000000   Number         0  stm32f10x_dac.o ABSOLUTE
    lib\STM32F10x_StdPeriph_Driver\src\stm32f10x_dbgmcu.c 0x00000000   Number         0  stm32f10x_dbgmcu.o ABSOLUTE
    lib\STM32F10x_StdPeriph_Driver\src\stm32f10x_dma.c 0x00000000   Number         0  stm32f10x_dma.o ABSOLUTE
    lib\STM32F10x_StdPeriph_Driver\src\stm32f10x_exti.c 0x00000000   Number         0  stm32f10x_exti.o ABSOLUTE
    lib\STM32F10x_StdPeriph_Driver\src\stm32f10x_flash.c 0x00000000   Number         0  stm32f10x_flash.o ABSOLUTE
    lib\STM32F10x_StdPeriph_Driver\src\stm32f10x_fsmc.c 0x00000000   Number         0  stm32f10x_fsmc.o ABSOLUTE
    lib\STM32F10x_StdPeriph_Driver\src\stm32f10x_gpio.c 0x00000000   Number         0  stm32f10x_gpio.o ABSOLUTE
    lib\STM32F10x_StdPeriph_Driver\src\stm32f10x_i2c.c 0x00000000   Number         0  stm32f10x_i2c.o ABSOLUTE
    lib\STM32F10x_StdPeriph_Driver\src\stm32f10x_iwdg.c 0x00000000   Number         0  stm32f10x_iwdg.o ABSOLUTE
    lib\STM32F10x_StdPeriph_Driver\src\stm32f10x_pwr.c 0x00000000   Number         0  stm32f10x_pwr.o ABSOLUTE
    lib\STM32F10x_StdPeriph_Driver\src\stm32f10x_rcc.c 0x00000000   Number         0  stm32f10x_rcc.o ABSOLUTE
    lib\STM32F10x_StdPeriph_Driver\src\stm32f10x_rtc.c 0x00000000   Number         0  stm32f10x_rtc.o ABSOLUTE
    lib\STM32F10x_StdPeriph_Driver\src\stm32f10x_sdio.c 0x00000000   Number         0  stm32f10x_sdio.o ABSOLUTE
    lib\STM32F10x_StdPeriph_Driver\src\stm32f10x_spi.c 0x00000000   Number         0  stm32f10x_spi.o ABSOLUTE
    lib\STM32F10x_StdPeriph_Driver\src\stm32f10x_tim.c 0x00000000   Number         0  stm32f10x_tim.o ABSOLUTE
    lib\STM32F10x_StdPeriph_Driver\src\stm32f10x_usart.c 0x00000000   Number         0  stm32f10x_usart.o ABSOLUTE
    lib\STM32F10x_StdPeriph_Driver\src\stm32f10x_wwdg.c 0x00000000   Number         0  stm32f10x_wwdg.o ABSOLUTE
    lib\\CMSIS\\CM3\\CoreSupport\\core_cm3.c 0x00000000   Number         0  core_cm3.o ABSOLUTE
    startup_stm32f10x_md_vl.s                0x00000000   Number         0  startup_stm32f10x_md_vl.o ABSOLUTE
    user\src\ADC.c                           0x00000000   Number         0  adc.o ABSOLUTE
    user\src\LCD.c                           0x00000000   Number         0  lcd.o ABSOLUTE
    user\src\LEDs.c                          0x00000000   Number         0  leds.o ABSOLUTE
    user\src\UART.c                          0x00000000   Number         0  uart.o ABSOLUTE
    user\src\humidity.c                      0x00000000   Number         0  humidity.o ABSOLUTE
    user\src\main.c                          0x00000000   Number         0  main.o ABSOLUTE
    user\src\timer.c                         0x00000000   Number         0  timer.o ABSOLUTE
    user\src\webi2c.c                        0x00000000   Number         0  webi2c.o ABSOLUTE
    RESET                                    0x08000000   Section      288  startup_stm32f10x_md_vl.o(RESET)
    !!!main                                  0x08000120   Section        8  __main.o(!!!main)
    !!!scatter                               0x08000128   Section       52  __scatter.o(!!!scatter)
    !!dczerorl2                              0x0800015c   Section       90  __dczerorl2.o(!!dczerorl2)
    !!handler_zi                             0x080001b8   Section       28  __scatter_zi.o(!!handler_zi)
    .ARM.Collect$$libinit$$00000000          0x080001d4   Section        2  libinit.o(.ARM.Collect$$libinit$$00000000)
    .ARM.Collect$$libinit$$00000002          0x080001d6   Section        0  libinit2.o(.ARM.Collect$$libinit$$00000002)
    .ARM.Collect$$libinit$$00000008          0x080001d6   Section        0  libinit2.o(.ARM.Collect$$libinit$$00000008)
    .ARM.Collect$$libinit$$0000000A          0x080001d6   Section        0  libinit2.o(.ARM.Collect$$libinit$$0000000A)
    .ARM.Collect$$libinit$$0000000C          0x080001d6   Section        0  libinit2.o(.ARM.Collect$$libinit$$0000000C)
    .ARM.Collect$$libinit$$0000000F          0x080001d6   Section        0  libinit2.o(.ARM.Collect$$libinit$$0000000F)
    .ARM.Collect$$libinit$$00000011          0x080001d6   Section        0  libinit2.o(.ARM.Collect$$libinit$$00000011)
    .ARM.Collect$$libinit$$00000013          0x080001d6   Section        0  libinit2.o(.ARM.Collect$$libinit$$00000013)
    .ARM.Collect$$libinit$$00000015          0x080001d6   Section        0  libinit2.o(.ARM.Collect$$libinit$$00000015)
    .ARM.Collect$$libinit$$00000017          0x080001d6   Section        0  libinit2.o(.ARM.Collect$$libinit$$00000017)
    .ARM.Collect$$libinit$$00000019          0x080001d6   Section        0  libinit2.o(.ARM.Collect$$libinit$$00000019)
    .ARM.Collect$$libinit$$0000001B          0x080001d6   Section        0  libinit2.o(.ARM.Collect$$libinit$$0000001B)
    .ARM.Collect$$libinit$$0000001D          0x080001d6   Section        0  libinit2.o(.ARM.Collect$$libinit$$0000001D)
    .ARM.Collect$$libinit$$0000001F          0x080001d6   Section        0  libinit2.o(.ARM.Collect$$libinit$$0000001F)
    .ARM.Collect$$libinit$$00000021          0x080001d6   Section        0  libinit2.o(.ARM.Collect$$libinit$$00000021)
    .ARM.Collect$$libinit$$00000023          0x080001d6   Section        0  libinit2.o(.ARM.Collect$$libinit$$00000023)
    .ARM.Collect$$libinit$$0000002A          0x080001d6   Section        0  libinit2.o(.ARM.Collect$$libinit$$0000002A)
    .ARM.Collect$$libinit$$0000002C          0x080001d6   Section        0  libinit2.o(.ARM.Collect$$libinit$$0000002C)
    .ARM.Collect$$libinit$$0000002E          0x080001d6   Section        0  libinit2.o(.ARM.Collect$$libinit$$0000002E)
    .ARM.Collect$$libinit$$00000030          0x080001d6   Section        0  libinit2.o(.ARM.Collect$$libinit$$00000030)
    .ARM.Collect$$libinit$$00000031          0x080001d6   Section        2  libinit2.o(.ARM.Collect$$libinit$$00000031)
    .ARM.Collect$$libshutdown$$00000000      0x080001d8   Section        2  libshutdown.o(.ARM.Collect$$libshutdown$$00000000)
    .ARM.Collect$$libshutdown$$00000003      0x080001da   Section        0  libshutdown2.o(.ARM.Collect$$libshutdown$$00000003)
    .ARM.Collect$$libshutdown$$00000006      0x080001da   Section        0  libshutdown2.o(.ARM.Collect$$libshutdown$$00000006)
    .ARM.Collect$$libshutdown$$00000009      0x080001da   Section        0  libshutdown2.o(.ARM.Collect$$libshutdown$$00000009)
    .ARM.Collect$$libshutdown$$0000000B      0x080001da   Section        0  libshutdown2.o(.ARM.Collect$$libshutdown$$0000000B)
    .ARM.Collect$$libshutdown$$0000000E      0x080001da   Section        0  libshutdown2.o(.ARM.Collect$$libshutdown$$0000000E)
    .ARM.Collect$$libshutdown$$0000000F      0x080001da   Section        2  libshutdown2.o(.ARM.Collect$$libshutdown$$0000000F)
    .ARM.Collect$$rtentry$$00000000          0x080001dc   Section        0  rtentry.o(.ARM.Collect$$rtentry$$00000000)
    .ARM.Collect$$rtentry$$00000002          0x080001dc   Section        0  rtentry2.o(.ARM.Collect$$rtentry$$00000002)
    .ARM.Collect$$rtentry$$00000004          0x080001dc   Section        6  rtentry4.o(.ARM.Collect$$rtentry$$00000004)
    .ARM.Collect$$rtentry$$00000009          0x080001e2   Section        0  rtentry2.o(.ARM.Collect$$rtentry$$00000009)
    .ARM.Collect$$rtentry$$0000000A          0x080001e2   Section        4  rtentry2.o(.ARM.Collect$$rtentry$$0000000A)
    .ARM.Collect$$rtentry$$0000000C          0x080001e6   Section        0  rtentry2.o(.ARM.Collect$$rtentry$$0000000C)
    .ARM.Collect$$rtentry$$0000000D          0x080001e6   Section        8  rtentry2.o(.ARM.Collect$$rtentry$$0000000D)
    .ARM.Collect$$rtexit$$00000000           0x080001ee   Section        2  rtexit.o(.ARM.Collect$$rtexit$$00000000)
    .ARM.Collect$$rtexit$$00000002           0x080001f0   Section        0  rtexit2.o(.ARM.Collect$$rtexit$$00000002)
    .ARM.Collect$$rtexit$$00000003           0x080001f0   Section        4  rtexit2.o(.ARM.Collect$$rtexit$$00000003)
    .ARM.Collect$$rtexit$$00000004           0x080001f4   Section        6  rtexit2.o(.ARM.Collect$$rtexit$$00000004)
    .text                                    0x080001fc   Section       64  startup_stm32f10x_md_vl.o(.text)
    .text                                    0x0800023c   Section        0  heapauxi.o(.text)
    .text                                    0x08000242   Section       74  sys_stackheap_outer.o(.text)
    .text                                    0x0800028c   Section        0  exit.o(.text)
    .text                                    0x08000298   Section        8  libspace.o(.text)
    .text                                    0x080002a0   Section        0  sys_exit.o(.text)
    .text                                    0x080002ac   Section        2  use_no_semi.o(.text)
    .text                                    0x080002ae   Section        0  indicate_semi.o(.text)
    i.ADC_ClearFlag                          0x080002ae   Section        0  stm32f10x_adc.o(i.ADC_ClearFlag)
    i.ADC_Cmd                                0x080002b4   Section        0  stm32f10x_adc.o(i.ADC_Cmd)
    i.ADC_Config                             0x080002cc   Section        0  adc.o(i.ADC_Config)
    i.ADC_GPIO_Config                        0x08000320   Section        0  adc.o(i.ADC_GPIO_Config)
    i.ADC_GetConversionValue                 0x0800033c   Section        0  stm32f10x_adc.o(i.ADC_GetConversionValue)
    i.ADC_GetFlagStatus                      0x08000344   Section        0  stm32f10x_adc.o(i.ADC_GetFlagStatus)
    i.ADC_Init                               0x08000358   Section        0  stm32f10x_adc.o(i.ADC_Init)
    i.ADC_RCC_Config                         0x080003a8   Section        0  adc.o(i.ADC_RCC_Config)
    i.ADC_RegularChannelConfig               0x080003c4   Section        0  stm32f10x_adc.o(i.ADC_RegularChannelConfig)
    i.ADC_SoftwareStartConvCmd               0x0800047c   Section        0  stm32f10x_adc.o(i.ADC_SoftwareStartConvCmd)
    i.ADC_init                               0x08000492   Section        0  adc.o(i.ADC_init)
    i.ADC_perform_single_conversion          0x080004a4   Section        0  adc.o(i.ADC_perform_single_conversion)
    i.GPIO_Config                            0x080004d4   Section        0  uart.o(i.GPIO_Config)
    i.GPIO_Configuration                     0x08000518   Section        0  webi2c.o(i.GPIO_Configuration)
    i.GPIO_Init                              0x0800053c   Section        0  stm32f10x_gpio.o(i.GPIO_Init)
    i.GPIO_Init_Mode                         0x0800064e   Section        0  humidity.o(i.GPIO_Init_Mode)
    i.GPIO_ReadInputDataBit                  0x0800066e   Section        0  stm32f10x_gpio.o(i.GPIO_ReadInputDataBit)
    i.GPIO_ResetBits                         0x08000680   Section        0  stm32f10x_gpio.o(i.GPIO_ResetBits)
    i.GPIO_SetBits                           0x08000684   Section        0  stm32f10x_gpio.o(i.GPIO_SetBits)
    i.I2C_ACCEL_INIT                         0x08000688   Section        0  webi2c.o(i.I2C_ACCEL_INIT)
    i.I2C_ACCEL_READ                         0x08000834   Section        0  webi2c.o(i.I2C_ACCEL_READ)
    i.I2C_AcknowledgeConfig                  0x0800090c   Section        0  stm32f10x_i2c.o(i.I2C_AcknowledgeConfig)
    i.I2C_CheckEvent                         0x08000924   Section        0  stm32f10x_i2c.o(i.I2C_CheckEvent)
    i.I2C_Cmd                                0x0800094e   Section        0  stm32f10x_i2c.o(i.I2C_Cmd)
    i.I2C_Configuration                      0x08000968   Section        0  webi2c.o(i.I2C_Configuration)
    i.I2C_EEPROM                             0x080009a8   Section        0  webi2c.o(i.I2C_EEPROM)
    i.I2C_EE_BufferRead                      0x080009b4   Section        0  webi2c.o(i.I2C_EE_BufferRead)
    i.I2C_EE_Init                            0x08000aac   Section        0  webi2c.o(i.I2C_EE_Init)
    i.I2C_GenerateSTART                      0x08000ad4   Section        0  stm32f10x_i2c.o(i.I2C_GenerateSTART)
    i.I2C_GenerateSTOP                       0x08000aec   Section        0  stm32f10x_i2c.o(i.I2C_GenerateSTOP)
    i.I2C_GetFlagStatus                      0x08000b04   Section        0  stm32f10x_i2c.o(i.I2C_GetFlagStatus)
    i.I2C_Init                               0x08000b40   Section        0  stm32f10x_i2c.o(i.I2C_Init)
    i.I2C_ReceiveData                        0x08000c2c   Section        0  stm32f10x_i2c.o(i.I2C_ReceiveData)
    i.I2C_Send7bitAddress                    0x08000c34   Section        0  stm32f10x_i2c.o(i.I2C_Send7bitAddress)
    i.I2C_SendData                           0x08000c46   Section        0  stm32f10x_i2c.o(i.I2C_SendData)
    i.LCDINIT                                0x08000c4c   Section        0  lcd.o(i.LCDINIT)
    i.LED_off                                0x08000c64   Section        0  leds.o(i.LED_off)
    i.LED_on                                 0x08000c80   Section        0  leds.o(i.LED_on)
    i.NVIC_Config                            0x08000c9c   Section        0  uart.o(i.NVIC_Config)
    i.NVIC_Init                              0x08000cc0   Section        0  misc.o(i.NVIC_Init)
    i.NVIC_PriorityGroupConfig               0x08000d34   Section        0  misc.o(i.NVIC_PriorityGroupConfig)
    i.RCC_ADCCLKConfig                       0x08000d48   Section        0  stm32f10x_rcc.o(i.RCC_ADCCLKConfig)
    i.RCC_AHBPeriphClockCmd                  0x08000d60   Section        0  stm32f10x_rcc.o(i.RCC_AHBPeriphClockCmd)
    i.RCC_APB1PeriphClockCmd                 0x08000d80   Section        0  stm32f10x_rcc.o(i.RCC_APB1PeriphClockCmd)
    i.RCC_APB2PeriphClockCmd                 0x08000da0   Section        0  stm32f10x_rcc.o(i.RCC_APB2PeriphClockCmd)
    i.RCC_Configuration                      0x08000dc0   Section        0  webi2c.o(i.RCC_Configuration)
    i.RCC_GetClocksFreq                      0x08000dc8   Section        0  stm32f10x_rcc.o(i.RCC_GetClocksFreq)
    i.SetSysClock                            0x08000e9c   Section        0  system_stm32f10x.o(i.SetSysClock)
    SetSysClock                              0x08000e9d   Thumb Code     8  system_stm32f10x.o(i.SetSysClock)
    i.SetSysClockTo24                        0x08000ea4   Section        0  system_stm32f10x.o(i.SetSysClockTo24)
    SetSysClockTo24                          0x08000ea5   Thumb Code   176  system_stm32f10x.o(i.SetSysClockTo24)
    i.SystemInit                             0x08000f58   Section        0  system_stm32f10x.o(i.SystemInit)
    i.TIM_Cmd                                0x08000fbc   Section        0  stm32f10x_tim.o(i.TIM_Cmd)
    i.TIM_PrescalerConfig                    0x08000fd4   Section        0  stm32f10x_tim.o(i.TIM_PrescalerConfig)
    i.TIM_TimeBaseInit                       0x08000fdc   Section        0  stm32f10x_tim.o(i.TIM_TimeBaseInit)
    i.TIM_TimeBaseStructInit                 0x08001080   Section        0  stm32f10x_tim.o(i.TIM_TimeBaseStructInit)
    i.UART_init                              0x08001094   Section        0  uart.o(i.UART_init)
    i.UART_send_byte                         0x080010f8   Section        0  uart.o(i.UART_send_byte)
    i.USART1_IRQHandler                      0x08001128   Section        0  uart.o(i.USART1_IRQHandler)
    i.USART_ClearFlag                        0x08001188   Section        0  stm32f10x_usart.o(i.USART_ClearFlag)
    i.USART_ClearITPendingBit                0x0800119a   Section        0  stm32f10x_usart.o(i.USART_ClearITPendingBit)
    i.USART_Cmd                              0x080011b8   Section        0  stm32f10x_usart.o(i.USART_Cmd)
    i.USART_GetFlagStatus                    0x080011d0   Section        0  stm32f10x_usart.o(i.USART_GetFlagStatus)
    i.USART_GetITStatus                      0x080011ea   Section        0  stm32f10x_usart.o(i.USART_GetITStatus)
    i.USART_ITConfig                         0x0800123e   Section        0  stm32f10x_usart.o(i.USART_ITConfig)
    i.USART_Init                             0x08001288   Section        0  stm32f10x_usart.o(i.USART_Init)
    i.USART_ReceiveData                      0x08001360   Section        0  stm32f10x_usart.o(i.USART_ReceiveData)
    i.USART_SendData                         0x0800136a   Section        0  stm32f10x_usart.o(i.USART_SendData)
    i.begin                                  0x08001374   Section        0  lcd.o(i.begin)
    i.check_and_process_received_command     0x08001414   Section        0  main.o(i.check_and_process_received_command)
    i.clear                                  0x080014a8   Section        0  lcd.o(i.clear)
    i.command                                0x080014ba   Section        0  lcd.o(i.command)
    i.delayMicroseconds                      0x080014c8   Section        0  lcd.o(i.delayMicroseconds)
    i.delay_init                             0x080014e4   Section        0  timer.o(i.delay_init)
    i.delay_ms                               0x08001530   Section        0  timer.o(i.delay_ms)
    i.display                                0x08001548   Section        0  lcd.o(i.display)
    i.getTemperature                         0x08001568   Section        0  adc.o(i.getTemperature)
    i.home                                   0x08001570   Section        0  lcd.o(i.home)
    i.humidity_init                          0x08001584   Section        0  humidity.o(i.humidity_init)
    i.init_GPIO_pins                         0x08001598   Section        0  leds.o(i.init_GPIO_pins)
    i.main                                   0x08001610   Section        0  main.o(i.main)
    i.noBlink                                0x080016f0   Section        0  lcd.o(i.noBlink)
    i.noCursor                               0x08001710   Section        0  lcd.o(i.noCursor)
    i.pulseEnable                            0x08001730   Section        0  lcd.o(i.pulseEnable)
    i.readcapacitance                        0x08001764   Section        0  humidity.o(i.readcapacitance)
    i.readhumidity                           0x08001798   Section        0  humidity.o(i.readhumidity)
    i.send                                   0x08001964   Section        0  lcd.o(i.send)
    i.setCursor                              0x08001994   Section        0  lcd.o(i.setCursor)
    i.setLEDS                                0x080019cc   Section        0  leds.o(i.setLEDS)
    i.write                                  0x08001afc   Section        0  lcd.o(i.write)
    i.write4bits                             0x08001b0c   Section        0  lcd.o(i.write4bits)
    i.writenumber                            0x08001b84   Section        0  lcd.o(i.writenumber)
    x$fpl$d2f                                0x08001c28   Section       98  d2f.o(x$fpl$d2f)
    x$fpl$dflt                               0x08001c8a   Section       46  dflt_clz.o(x$fpl$dflt)
    x$fpl$dmul                               0x08001cb8   Section      340  dmul.o(x$fpl$dmul)
    x$fpl$dnaninf                            0x08001e0c   Section      156  dnaninf.o(x$fpl$dnaninf)
    x$fpl$dretinf                            0x08001ea8   Section       12  dretinf.o(x$fpl$dretinf)
    x$fpl$fadd                               0x08001eb4   Section      196  faddsub_clz.o(x$fpl$fadd)
    _fadd1                                   0x08001ec3   Thumb Code     0  faddsub_clz.o(x$fpl$fadd)
    x$fpl$fcmpinf                            0x08001f78   Section       24  fcmpi.o(x$fpl$fcmpinf)
    x$fpl$fdiv                               0x08001f90   Section      388  fdiv.o(x$fpl$fdiv)
    _fdiv1                                   0x08001f91   Thumb Code     0  fdiv.o(x$fpl$fdiv)
    x$fpl$ffix                               0x08002114   Section       54  ffix.o(x$fpl$ffix)
    x$fpl$fflt                               0x0800214c   Section       48  fflt_clz.o(x$fpl$fflt)
    x$fpl$fleqf                              0x0800217c   Section      104  fleqf.o(x$fpl$fleqf)
    x$fpl$fmul                               0x080021e4   Section      258  fmul.o(x$fpl$fmul)
    x$fpl$fnaninf                            0x080022e6   Section      140  fnaninf.o(x$fpl$fnaninf)
    x$fpl$fretinf                            0x08002372   Section       10  fretinf.o(x$fpl$fretinf)
    x$fpl$fsub                               0x0800237c   Section      234  faddsub_clz.o(x$fpl$fsub)
    _fsub1                                   0x0800238b   Thumb Code     0  faddsub_clz.o(x$fpl$fsub)
    x$fpl$usenofp                            0x08002466   Section        0  usenofp.o(x$fpl$usenofp)
    .constdata                               0x08002468   Section       16  lcd.o(.constdata)
    .data                                    0x20000000   Section        4  leds.o(.data)
    .data                                    0x20000004   Section       17  main.o(.data)
    .data                                    0x20000018   Section      816  humidity.o(.data)
    .data                                    0x20000348   Section       17  lcd.o(.data)
    .data                                    0x2000035c   Section      110  webi2c.o(.data)
    .data                                    0x200003ca   Section       20  stm32f10x_rcc.o(.data)
    APBAHBPrescTable                         0x200003ca   Data          16  stm32f10x_rcc.o(.data)
    ADCPrescTable                            0x200003da   Data           4  stm32f10x_rcc.o(.data)
    .bss                                     0x200003e0   Section       96  libspace.o(.bss)
    HEAP                                     0x20000440   Section      512  startup_stm32f10x_md_vl.o(HEAP)
    Heap_Mem                                 0x20000440   Data         512  startup_stm32f10x_md_vl.o(HEAP)
    STACK                                    0x20000640   Section     1024  startup_stm32f10x_md_vl.o(STACK)
    Stack_Mem                                0x20000640   Data        1024  startup_stm32f10x_md_vl.o(STACK)
    __initial_sp                             0x20000a40   Data           0  startup_stm32f10x_md_vl.o(STACK)

    Global Symbols

    Symbol Name                              Value     Ov Type        Size  Object(Section)

    BuildAttributes$$THM_ISAv4$P$D$K$B$S$PE$A:L22UL41UL21$X:L11$S22US41US21$IEEE1$IW$USESV6$~STKCKD$USESV7$~SHL$OSPACE$ROPI$EBA8$UX$STANDARDLIB$REQ8$PRES8$EABIv2 0x00000000   Number         0  anon$$obj.o ABSOLUTE
    __ARM_use_no_argv                        0x00000000   Number         0  main.o ABSOLUTE
    __ARM_exceptions_init                     - Undefined Weak Reference
    __alloca_initialize                       - Undefined Weak Reference
    __cpp_initialize__aeabi_                  - Undefined Weak Reference
    __cxa_finalize                            - Undefined Weak Reference
    __rt_locale                               - Undefined Weak Reference
    __sigvec_lookup                           - Undefined Weak Reference
    _atexit_init                              - Undefined Weak Reference
    _call_atexit_fns                          - Undefined Weak Reference
    _clock_init                               - Undefined Weak Reference
    _fp_trap_init                             - Undefined Weak Reference
    _fp_trap_shutdown                         - Undefined Weak Reference
    _get_lc_collate                           - Undefined Weak Reference
    _get_lc_ctype                             - Undefined Weak Reference
    _get_lc_monetary                          - Undefined Weak Reference
    _get_lc_numeric                           - Undefined Weak Reference
    _get_lc_time                              - Undefined Weak Reference
    _getenv_init                              - Undefined Weak Reference
    _handle_redirection                       - Undefined Weak Reference
    _init_alloc                               - Undefined Weak Reference
    _init_user_alloc                          - Undefined Weak Reference
    _initio                                   - Undefined Weak Reference
    _rand_init                                - Undefined Weak Reference
    _signal_finish                            - Undefined Weak Reference
    _signal_init                              - Undefined Weak Reference
    _terminate_alloc                          - Undefined Weak Reference
    _terminate_user_alloc                     - Undefined Weak Reference
    _terminateio                              - Undefined Weak Reference
    __Vectors_Size                           0x00000120   Number         0  startup_stm32f10x_md_vl.o ABSOLUTE
    __Vectors                                0x08000000   Data           4  startup_stm32f10x_md_vl.o(RESET)
    __Vectors_End                            0x08000120   Data           0  startup_stm32f10x_md_vl.o(RESET)
    __main                                   0x08000121   Thumb Code     8  __main.o(!!!main)
    __scatterload                            0x08000129   Thumb Code     0  __scatter.o(!!!scatter)
    __scatterload_rt2                        0x08000129   Thumb Code    44  __scatter.o(!!!scatter)
    __scatterload_rt2_thumb_only             0x08000129   Thumb Code     0  __scatter.o(!!!scatter)
    __scatterload_null                       0x08000137   Thumb Code     0  __scatter.o(!!!scatter)
    __decompress                             0x0800015d   Thumb Code    90  __dczerorl2.o(!!dczerorl2)
    __decompress1                            0x0800015d   Thumb Code     0  __dczerorl2.o(!!dczerorl2)
    __scatterload_zeroinit                   0x080001b9   Thumb Code    28  __scatter_zi.o(!!handler_zi)
    __rt_lib_init                            0x080001d5   Thumb Code     0  libinit.o(.ARM.Collect$$libinit$$00000000)
    __rt_lib_init_alloca_1                   0x080001d7   Thumb Code     0  libinit2.o(.ARM.Collect$$libinit$$0000002C)
    __rt_lib_init_argv_1                     0x080001d7   Thumb Code     0  libinit2.o(.ARM.Collect$$libinit$$0000002A)
    __rt_lib_init_atexit_1                   0x080001d7   Thumb Code     0  libinit2.o(.ARM.Collect$$libinit$$00000019)
    __rt_lib_init_clock_1                    0x080001d7   Thumb Code     0  libinit2.o(.ARM.Collect$$libinit$$0000001F)
    __rt_lib_init_cpp_1                      0x080001d7   Thumb Code     0  libinit2.o(.ARM.Collect$$libinit$$00000030)
    __rt_lib_init_exceptions_1               0x080001d7   Thumb Code     0  libinit2.o(.ARM.Collect$$libinit$$0000002E)
    __rt_lib_init_fp_1                       0x080001d7   Thumb Code     0  libinit2.o(.ARM.Collect$$libinit$$00000002)
    __rt_lib_init_fp_trap_1                  0x080001d7   Thumb Code     0  libinit2.o(.ARM.Collect$$libinit$$0000001D)
    __rt_lib_init_getenv_1                   0x080001d7   Thumb Code     0  libinit2.o(.ARM.Collect$$libinit$$00000021)
    __rt_lib_init_heap_1                     0x080001d7   Thumb Code     0  libinit2.o(.ARM.Collect$$libinit$$00000008)
    __rt_lib_init_lc_collate_1               0x080001d7   Thumb Code     0  libinit2.o(.ARM.Collect$$libinit$$0000000F)
    __rt_lib_init_lc_ctype_1                 0x080001d7   Thumb Code     0  libinit2.o(.ARM.Collect$$libinit$$00000011)
    __rt_lib_init_lc_monetary_1              0x080001d7   Thumb Code     0  libinit2.o(.ARM.Collect$$libinit$$00000013)
    __rt_lib_init_lc_numeric_1               0x080001d7   Thumb Code     0  libinit2.o(.ARM.Collect$$libinit$$00000015)
    __rt_lib_init_lc_time_1                  0x080001d7   Thumb Code     0  libinit2.o(.ARM.Collect$$libinit$$00000017)
    __rt_lib_init_rand_1                     0x080001d7   Thumb Code     0  libinit2.o(.ARM.Collect$$libinit$$0000000C)
    __rt_lib_init_return                     0x080001d7   Thumb Code     0  libinit2.o(.ARM.Collect$$libinit$$00000031)
    __rt_lib_init_signal_1                   0x080001d7   Thumb Code     0  libinit2.o(.ARM.Collect$$libinit$$0000001B)
    __rt_lib_init_stdio_1                    0x080001d7   Thumb Code     0  libinit2.o(.ARM.Collect$$libinit$$00000023)
    __rt_lib_init_user_alloc_1               0x080001d7   Thumb Code     0  libinit2.o(.ARM.Collect$$libinit$$0000000A)
    __rt_lib_shutdown                        0x080001d9   Thumb Code     0  libshutdown.o(.ARM.Collect$$libshutdown$$00000000)
    __rt_lib_shutdown_fp_trap_1              0x080001db   Thumb Code     0  libshutdown2.o(.ARM.Collect$$libshutdown$$00000006)
    __rt_lib_shutdown_heap_1                 0x080001db   Thumb Code     0  libshutdown2.o(.ARM.Collect$$libshutdown$$0000000E)
    __rt_lib_shutdown_return                 0x080001db   Thumb Code     0  libshutdown2.o(.ARM.Collect$$libshutdown$$0000000F)
    __rt_lib_shutdown_signal_1               0x080001db   Thumb Code     0  libshutdown2.o(.ARM.Collect$$libshutdown$$00000009)
    __rt_lib_shutdown_stdio_1                0x080001db   Thumb Code     0  libshutdown2.o(.ARM.Collect$$libshutdown$$00000003)
    __rt_lib_shutdown_user_alloc_1           0x080001db   Thumb Code     0  libshutdown2.o(.ARM.Collect$$libshutdown$$0000000B)
    __rt_entry                               0x080001dd   Thumb Code     0  rtentry.o(.ARM.Collect$$rtentry$$00000000)
    __rt_entry_presh_1                       0x080001dd   Thumb Code     0  rtentry2.o(.ARM.Collect$$rtentry$$00000002)
    __rt_entry_sh                            0x080001dd   Thumb Code     0  rtentry4.o(.ARM.Collect$$rtentry$$00000004)
    __rt_entry_li                            0x080001e3   Thumb Code     0  rtentry2.o(.ARM.Collect$$rtentry$$0000000A)
    __rt_entry_postsh_1                      0x080001e3   Thumb Code     0  rtentry2.o(.ARM.Collect$$rtentry$$00000009)
    __rt_entry_main                          0x080001e7   Thumb Code     0  rtentry2.o(.ARM.Collect$$rtentry$$0000000D)
    __rt_entry_postli_1                      0x080001e7   Thumb Code     0  rtentry2.o(.ARM.Collect$$rtentry$$0000000C)
    __rt_exit                                0x080001ef   Thumb Code     0  rtexit.o(.ARM.Collect$$rtexit$$00000000)
    __rt_exit_ls                             0x080001f1   Thumb Code     0  rtexit2.o(.ARM.Collect$$rtexit$$00000003)
    __rt_exit_prels_1                        0x080001f1   Thumb Code     0  rtexit2.o(.ARM.Collect$$rtexit$$00000002)
    __rt_exit_exit                           0x080001f5   Thumb Code     0  rtexit2.o(.ARM.Collect$$rtexit$$00000004)
    Reset_Handler                            0x080001fd   Thumb Code     8  startup_stm32f10x_md_vl.o(.text)
    NMI_Handler                              0x08000205   Thumb Code     2  startup_stm32f10x_md_vl.o(.text)
    HardFault_Handler                        0x08000207   Thumb Code     2  startup_stm32f10x_md_vl.o(.text)
    MemManage_Handler                        0x08000209   Thumb Code     2  startup_stm32f10x_md_vl.o(.text)
    BusFault_Handler                         0x0800020b   Thumb Code     2  startup_stm32f10x_md_vl.o(.text)
    UsageFault_Handler                       0x0800020d   Thumb Code     2  startup_stm32f10x_md_vl.o(.text)
    SVC_Handler                              0x0800020f   Thumb Code     2  startup_stm32f10x_md_vl.o(.text)
    DebugMon_Handler                         0x08000211   Thumb Code     2  startup_stm32f10x_md_vl.o(.text)
    PendSV_Handler                           0x08000213   Thumb Code     2  startup_stm32f10x_md_vl.o(.text)
    SysTick_Handler                          0x08000215   Thumb Code     2  startup_stm32f10x_md_vl.o(.text)
    ADC1_IRQHandler                          0x08000217   Thumb Code     0  startup_stm32f10x_md_vl.o(.text)
    CEC_IRQHandler                           0x08000217   Thumb Code     0  startup_stm32f10x_md_vl.o(.text)
    DMA1_Channel1_IRQHandler                 0x08000217   Thumb Code     0  startup_stm32f10x_md_vl.o(.text)
    DMA1_Channel2_IRQHandler                 0x08000217   Thumb Code     0  startup_stm32f10x_md_vl.o(.text)
    DMA1_Channel3_IRQHandler                 0x08000217   Thumb Code     0  startup_stm32f10x_md_vl.o(.text)
    DMA1_Channel4_IRQHandler                 0x08000217   Thumb Code     0  startup_stm32f10x_md_vl.o(.text)
    DMA1_Channel5_IRQHandler                 0x08000217   Thumb Code     0  startup_stm32f10x_md_vl.o(.text)
    DMA1_Channel6_IRQHandler                 0x08000217   Thumb Code     0  startup_stm32f10x_md_vl.o(.text)
    DMA1_Channel7_IRQHandler                 0x08000217   Thumb Code     0  startup_stm32f10x_md_vl.o(.text)
    EXTI0_IRQHandler                         0x08000217   Thumb Code     0  startup_stm32f10x_md_vl.o(.text)
    EXTI15_10_IRQHandler                     0x08000217   Thumb Code     0  startup_stm32f10x_md_vl.o(.text)
    EXTI1_IRQHandler                         0x08000217   Thumb Code     0  startup_stm32f10x_md_vl.o(.text)
    EXTI2_IRQHandler                         0x08000217   Thumb Code     0  startup_stm32f10x_md_vl.o(.text)
    EXTI3_IRQHandler                         0x08000217   Thumb Code     0  startup_stm32f10x_md_vl.o(.text)
    EXTI4_IRQHandler                         0x08000217   Thumb Code     0  startup_stm32f10x_md_vl.o(.text)
    EXTI9_5_IRQHandler                       0x08000217   Thumb Code     0  startup_stm32f10x_md_vl.o(.text)
    FLASH_IRQHandler                         0x08000217   Thumb Code     0  startup_stm32f10x_md_vl.o(.text)
    I2C1_ER_IRQHandler                       0x08000217   Thumb Code     0  startup_stm32f10x_md_vl.o(.text)
    I2C1_EV_IRQHandler                       0x08000217   Thumb Code     0  startup_stm32f10x_md_vl.o(.text)
    I2C2_ER_IRQHandler                       0x08000217   Thumb Code     0  startup_stm32f10x_md_vl.o(.text)
    I2C2_EV_IRQHandler                       0x08000217   Thumb Code     0  startup_stm32f10x_md_vl.o(.text)
    PVD_IRQHandler                           0x08000217   Thumb Code     0  startup_stm32f10x_md_vl.o(.text)
    RCC_IRQHandler                           0x08000217   Thumb Code     0  startup_stm32f10x_md_vl.o(.text)
    RTCAlarm_IRQHandler                      0x08000217   Thumb Code     0  startup_stm32f10x_md_vl.o(.text)
    RTC_IRQHandler                           0x08000217   Thumb Code     0  startup_stm32f10x_md_vl.o(.text)
    SPI1_IRQHandler                          0x08000217   Thumb Code     0  startup_stm32f10x_md_vl.o(.text)
    SPI2_IRQHandler                          0x08000217   Thumb Code     0  startup_stm32f10x_md_vl.o(.text)
    TAMPER_IRQHandler                        0x08000217   Thumb Code     0  startup_stm32f10x_md_vl.o(.text)
    TIM1_BRK_TIM15_IRQHandler                0x08000217   Thumb Code     0  startup_stm32f10x_md_vl.o(.text)
    TIM1_CC_IRQHandler                       0x08000217   Thumb Code     0  startup_stm32f10x_md_vl.o(.text)
    TIM1_TRG_COM_TIM17_IRQHandler            0x08000217   Thumb Code     0  startup_stm32f10x_md_vl.o(.text)
    TIM1_UP_TIM16_IRQHandler                 0x08000217   Thumb Code     0  startup_stm32f10x_md_vl.o(.text)
    TIM2_IRQHandler                          0x08000217   Thumb Code     0  startup_stm32f10x_md_vl.o(.text)
    TIM3_IRQHandler                          0x08000217   Thumb Code     0  startup_stm32f10x_md_vl.o(.text)
    TIM4_IRQHandler                          0x08000217   Thumb Code     0  startup_stm32f10x_md_vl.o(.text)
    TIM6_DAC_IRQHandler                      0x08000217   Thumb Code     0  startup_stm32f10x_md_vl.o(.text)
    TIM7_IRQHandler                          0x08000217   Thumb Code     0  startup_stm32f10x_md_vl.o(.text)
    USART2_IRQHandler                        0x08000217   Thumb Code     0  startup_stm32f10x_md_vl.o(.text)
    USART3_IRQHandler                        0x08000217   Thumb Code     0  startup_stm32f10x_md_vl.o(.text)
    WWDG_IRQHandler                          0x08000217   Thumb Code     0  startup_stm32f10x_md_vl.o(.text)
    __user_initial_stackheap                 0x08000219   Thumb Code     0  startup_stm32f10x_md_vl.o(.text)
    __use_two_region_memory                  0x0800023d   Thumb Code     2  heapauxi.o(.text)
    __rt_heap_escrow$2region                 0x0800023f   Thumb Code     2  heapauxi.o(.text)
    __rt_heap_expand$2region                 0x08000241   Thumb Code     2  heapauxi.o(.text)
    __user_setup_stackheap                   0x08000243   Thumb Code    74  sys_stackheap_outer.o(.text)
    exit                                     0x0800028d   Thumb Code    12  exit.o(.text)
    __user_libspace                          0x08000299   Thumb Code     8  libspace.o(.text)
    __user_perproc_libspace                  0x08000299   Thumb Code     0  libspace.o(.text)
    __user_perthread_libspace                0x08000299   Thumb Code     0  libspace.o(.text)
    _sys_exit                                0x080002a1   Thumb Code     8  sys_exit.o(.text)
    __I$use$semihosting                      0x080002ad   Thumb Code     0  use_no_semi.o(.text)
    __use_no_semihosting_swi                 0x080002ad   Thumb Code     2  use_no_semi.o(.text)
    ADC_ClearFlag                            0x080002af   Thumb Code     6  stm32f10x_adc.o(i.ADC_ClearFlag)
    __semihosting_library_function           0x080002af   Thumb Code     0  indicate_semi.o(.text)
    ADC_Cmd                                  0x080002b5   Thumb Code    22  stm32f10x_adc.o(i.ADC_Cmd)
    ADC_Config                               0x080002cd   Thumb Code    78  adc.o(i.ADC_Config)
    ADC_GPIO_Config                          0x08000321   Thumb Code    24  adc.o(i.ADC_GPIO_Config)
    ADC_GetConversionValue                   0x0800033d   Thumb Code     8  stm32f10x_adc.o(i.ADC_GetConversionValue)
    ADC_GetFlagStatus                        0x08000345   Thumb Code    18  stm32f10x_adc.o(i.ADC_GetFlagStatus)
    ADC_Init                                 0x08000359   Thumb Code    70  stm32f10x_adc.o(i.ADC_Init)
    ADC_RCC_Config                           0x080003a9   Thumb Code    28  adc.o(i.ADC_RCC_Config)
    ADC_RegularChannelConfig                 0x080003c5   Thumb Code   184  stm32f10x_adc.o(i.ADC_RegularChannelConfig)
    ADC_SoftwareStartConvCmd                 0x0800047d   Thumb Code    22  stm32f10x_adc.o(i.ADC_SoftwareStartConvCmd)
    ADC_init                                 0x08000493   Thumb Code    16  adc.o(i.ADC_init)
    ADC_perform_single_conversion            0x080004a5   Thumb Code    44  adc.o(i.ADC_perform_single_conversion)
    GPIO_Config                              0x080004d5   Thumb Code    62  uart.o(i.GPIO_Config)
    GPIO_Configuration                       0x08000519   Thumb Code    30  webi2c.o(i.GPIO_Configuration)
    GPIO_Init                                0x0800053d   Thumb Code   274  stm32f10x_gpio.o(i.GPIO_Init)
    GPIO_Init_Mode                           0x0800064f   Thumb Code    32  humidity.o(i.GPIO_Init_Mode)
    GPIO_ReadInputDataBit                    0x0800066f   Thumb Code    18  stm32f10x_gpio.o(i.GPIO_ReadInputDataBit)
    GPIO_ResetBits                           0x08000681   Thumb Code     4  stm32f10x_gpio.o(i.GPIO_ResetBits)
    GPIO_SetBits                             0x08000685   Thumb Code     4  stm32f10x_gpio.o(i.GPIO_SetBits)
    I2C_ACCEL_INIT                           0x08000689   Thumb Code   416  webi2c.o(i.I2C_ACCEL_INIT)
    I2C_ACCEL_READ                           0x08000835   Thumb Code   202  webi2c.o(i.I2C_ACCEL_READ)
    I2C_AcknowledgeConfig                    0x0800090d   Thumb Code    24  stm32f10x_i2c.o(i.I2C_AcknowledgeConfig)
    I2C_CheckEvent                           0x08000925   Thumb Code    42  stm32f10x_i2c.o(i.I2C_CheckEvent)
    I2C_Cmd                                  0x0800094f   Thumb Code    24  stm32f10x_i2c.o(i.I2C_Cmd)
    I2C_Configuration                        0x08000969   Thumb Code    60  webi2c.o(i.I2C_Configuration)
    I2C_EEPROM                               0x080009a9   Thumb Code    12  webi2c.o(i.I2C_EEPROM)
    I2C_EE_BufferRead                        0x080009b5   Thumb Code   232  webi2c.o(i.I2C_EE_BufferRead)
    I2C_EE_Init                              0x08000aad   Thumb Code    34  webi2c.o(i.I2C_EE_Init)
    I2C_GenerateSTART                        0x08000ad5   Thumb Code    24  stm32f10x_i2c.o(i.I2C_GenerateSTART)
    I2C_GenerateSTOP                         0x08000aed   Thumb Code    24  stm32f10x_i2c.o(i.I2C_GenerateSTOP)
    I2C_GetFlagStatus                        0x08000b05   Thumb Code    58  stm32f10x_i2c.o(i.I2C_GetFlagStatus)
    I2C_Init                                 0x08000b41   Thumb Code   222  stm32f10x_i2c.o(i.I2C_Init)
    I2C_ReceiveData                          0x08000c2d   Thumb Code     8  stm32f10x_i2c.o(i.I2C_ReceiveData)
    I2C_Send7bitAddress                      0x08000c35   Thumb Code    18  stm32f10x_i2c.o(i.I2C_Send7bitAddress)
    I2C_SendData                             0x08000c47   Thumb Code     4  stm32f10x_i2c.o(i.I2C_SendData)
    LCDINIT                                  0x08000c4d   Thumb Code    18  lcd.o(i.LCDINIT)
    LED_off                                  0x08000c65   Thumb Code    20  leds.o(i.LED_off)
    LED_on                                   0x08000c81   Thumb Code    20  leds.o(i.LED_on)
    NVIC_Config                              0x08000c9d   Thumb Code    34  uart.o(i.NVIC_Config)
    NVIC_Init                                0x08000cc1   Thumb Code   102  misc.o(i.NVIC_Init)
    NVIC_PriorityGroupConfig                 0x08000d35   Thumb Code    10  misc.o(i.NVIC_PriorityGroupConfig)
    RCC_ADCCLKConfig                         0x08000d49   Thumb Code    18  stm32f10x_rcc.o(i.RCC_ADCCLKConfig)
    RCC_AHBPeriphClockCmd                    0x08000d61   Thumb Code    26  stm32f10x_rcc.o(i.RCC_AHBPeriphClockCmd)
    RCC_APB1PeriphClockCmd                   0x08000d81   Thumb Code    26  stm32f10x_rcc.o(i.RCC_APB1PeriphClockCmd)
    RCC_APB2PeriphClockCmd                   0x08000da1   Thumb Code    26  stm32f10x_rcc.o(i.RCC_APB2PeriphClockCmd)
    RCC_Configuration                        0x08000dc1   Thumb Code     8  webi2c.o(i.RCC_Configuration)
    RCC_GetClocksFreq                        0x08000dc9   Thumb Code   190  stm32f10x_rcc.o(i.RCC_GetClocksFreq)
    SystemInit                               0x08000f59   Thumb Code    82  system_stm32f10x.o(i.SystemInit)
    TIM_Cmd                                  0x08000fbd   Thumb Code    24  stm32f10x_tim.o(i.TIM_Cmd)
    TIM_PrescalerConfig                      0x08000fd5   Thumb Code     6  stm32f10x_tim.o(i.TIM_PrescalerConfig)
    TIM_TimeBaseInit                         0x08000fdd   Thumb Code   122  stm32f10x_tim.o(i.TIM_TimeBaseInit)
    TIM_TimeBaseStructInit                   0x08001081   Thumb Code    18  stm32f10x_tim.o(i.TIM_TimeBaseStructInit)
    UART_init                                0x08001095   Thumb Code    96  uart.o(i.UART_init)
    UART_send_byte                           0x080010f9   Thumb Code    42  uart.o(i.UART_send_byte)
    USART1_IRQHandler                        0x08001129   Thumb Code    78  uart.o(i.USART1_IRQHandler)
    USART_ClearFlag                          0x08001189   Thumb Code    18  stm32f10x_usart.o(i.USART_ClearFlag)
    USART_ClearITPendingBit                  0x0800119b   Thumb Code    30  stm32f10x_usart.o(i.USART_ClearITPendingBit)
    USART_Cmd                                0x080011b9   Thumb Code    24  stm32f10x_usart.o(i.USART_Cmd)
    USART_GetFlagStatus                      0x080011d1   Thumb Code    26  stm32f10x_usart.o(i.USART_GetFlagStatus)
    USART_GetITStatus                        0x080011eb   Thumb Code    84  stm32f10x_usart.o(i.USART_GetITStatus)
    USART_ITConfig                           0x0800123f   Thumb Code    74  stm32f10x_usart.o(i.USART_ITConfig)
    USART_Init                               0x08001289   Thumb Code   210  stm32f10x_usart.o(i.USART_Init)
    USART_ReceiveData                        0x08001361   Thumb Code    10  stm32f10x_usart.o(i.USART_ReceiveData)
    USART_SendData                           0x0800136b   Thumb Code     8  stm32f10x_usart.o(i.USART_SendData)
    begin                                    0x08001375   Thumb Code   136  lcd.o(i.begin)
    check_and_process_received_command       0x08001415   Thumb Code   134  main.o(i.check_and_process_received_command)
    clear                                    0x080014a9   Thumb Code    18  lcd.o(i.clear)
    command                                  0x080014bb   Thumb Code    14  lcd.o(i.command)
    delayMicroseconds                        0x080014c9   Thumb Code    26  lcd.o(i.delayMicroseconds)
    delay_init                               0x080014e5   Thumb Code    70  timer.o(i.delay_init)
    delay_ms                                 0x08001531   Thumb Code    18  timer.o(i.delay_ms)
    display                                  0x08001549   Thumb Code    26  lcd.o(i.display)
    getTemperature                           0x08001569   Thumb Code     8  adc.o(i.getTemperature)
    home                                     0x08001571   Thumb Code    18  lcd.o(i.home)
    humidity_init                            0x08001585   Thumb Code    14  humidity.o(i.humidity_init)
    init_GPIO_pins                           0x08001599   Thumb Code   108  leds.o(i.init_GPIO_pins)
    main                                     0x08001611   Thumb Code   216  main.o(i.main)
    noBlink                                  0x080016f1   Thumb Code    26  lcd.o(i.noBlink)
    noCursor                                 0x08001711   Thumb Code    26  lcd.o(i.noCursor)
    pulseEnable                              0x08001731   Thumb Code    46  lcd.o(i.pulseEnable)
    readcapacitance                          0x08001765   Thumb Code    48  humidity.o(i.readcapacitance)
    readhumidity                             0x08001799   Thumb Code   444  humidity.o(i.readhumidity)
    send                                     0x08001965   Thumb Code    42  lcd.o(i.send)
    setCursor                                0x08001995   Thumb Code    48  lcd.o(i.setCursor)
    setLEDS                                  0x080019cd   Thumb Code   288  leds.o(i.setLEDS)
    write                                    0x08001afd   Thumb Code    16  lcd.o(i.write)
    write4bits                               0x08001b0d   Thumb Code   106  lcd.o(i.write4bits)
    writenumber                              0x08001b85   Thumb Code   164  lcd.o(i.writenumber)
    __aeabi_d2f                              0x08001c29   Thumb Code     0  d2f.o(x$fpl$d2f)
    _d2f                                     0x08001c29   Thumb Code    98  d2f.o(x$fpl$d2f)
    __aeabi_i2d                              0x08001c8b   Thumb Code     0  dflt_clz.o(x$fpl$dflt)
    _dflt                                    0x08001c8b   Thumb Code    46  dflt_clz.o(x$fpl$dflt)
    __aeabi_dmul                             0x08001cb9   Thumb Code     0  dmul.o(x$fpl$dmul)
    _dmul                                    0x08001cb9   Thumb Code   332  dmul.o(x$fpl$dmul)
    __fpl_dnaninf                            0x08001e0d   Thumb Code   156  dnaninf.o(x$fpl$dnaninf)
    __fpl_dretinf                            0x08001ea9   Thumb Code    12  dretinf.o(x$fpl$dretinf)
    __aeabi_fadd                             0x08001eb5   Thumb Code     0  faddsub_clz.o(x$fpl$fadd)
    _fadd                                    0x08001eb5   Thumb Code   196  faddsub_clz.o(x$fpl$fadd)
    __fpl_fcmp_Inf                           0x08001f79   Thumb Code    24  fcmpi.o(x$fpl$fcmpinf)
    __aeabi_fdiv                             0x08001f91   Thumb Code     0  fdiv.o(x$fpl$fdiv)
    _fdiv                                    0x08001f91   Thumb Code   384  fdiv.o(x$fpl$fdiv)
    __aeabi_f2iz                             0x08002115   Thumb Code     0  ffix.o(x$fpl$ffix)
    _ffix                                    0x08002115   Thumb Code    54  ffix.o(x$fpl$ffix)
    __aeabi_i2f                              0x0800214d   Thumb Code     0  fflt_clz.o(x$fpl$fflt)
    _fflt                                    0x0800214d   Thumb Code    48  fflt_clz.o(x$fpl$fflt)
    __aeabi_cfcmple                          0x0800217d   Thumb Code     0  fleqf.o(x$fpl$fleqf)
    _fcmple                                  0x0800217d   Thumb Code   104  fleqf.o(x$fpl$fleqf)
    __fpl_fcmple_InfNaN                      0x080021cf   Thumb Code     0  fleqf.o(x$fpl$fleqf)
    __aeabi_fmul                             0x080021e5   Thumb Code     0  fmul.o(x$fpl$fmul)
    _fmul                                    0x080021e5   Thumb Code   258  fmul.o(x$fpl$fmul)
    __fpl_fnaninf                            0x080022e7   Thumb Code   140  fnaninf.o(x$fpl$fnaninf)
    __fpl_fretinf                            0x08002373   Thumb Code    10  fretinf.o(x$fpl$fretinf)
    __aeabi_fsub                             0x0800237d   Thumb Code     0  faddsub_clz.o(x$fpl$fsub)
    _fsub                                    0x0800237d   Thumb Code   234  faddsub_clz.o(x$fpl$fsub)
    __I$use$fp                               0x08002466   Number         0  usenofp.o(x$fpl$usenofp)
    Region$$Table$$Base                      0x08002478   Number         0  anon$$obj.o(Region$$Table)
    Region$$Table$$Limit                     0x08002498   Number         0  anon$$obj.o(Region$$Table)
    LED                                      0x20000000   Data           4  leds.o(.data)
    LEDbyte                                  0x20000004   Data           4  main.o(.data)
    command_flag                             0x20000008   Data           4  main.o(.data)
    value                                    0x2000000c   Data           4  main.o(.data)
    value_received                           0x20000010   Data           4  main.o(.data)
    new_data                                 0x20000014   Data           1  main.o(.data)
    lookup                                   0x20000018   Data         816  humidity.o(.data)
    _rs_pin                                  0x20000348   Data           1  lcd.o(.data)
    _rw_pin                                  0x20000349   Data           1  lcd.o(.data)
    _enable_pin                              0x2000034a   Data           1  lcd.o(.data)
    _data_pins                               0x2000034b   Data           8  lcd.o(.data)
    _displayfunction                         0x20000353   Data           1  lcd.o(.data)
    _displaycontrol                          0x20000354   Data           1  lcd.o(.data)
    _displaymode                             0x20000355   Data           1  lcd.o(.data)
    _initialized                             0x20000356   Data           1  lcd.o(.data)
    _numlines                                0x20000357   Data           1  lcd.o(.data)
    _currline                                0x20000358   Data           1  lcd.o(.data)
    Tx1_Buffer                               0x2000035c   Data          27  webi2c.o(.data)
    Test_Buffer                              0x20000377   Data          31  webi2c.o(.data)
    TransferStatus1                          0x20000396   Data           1  webi2c.o(.data)
    LEDripple                                0x20000398   Data          40  webi2c.o(.data)
    GPIO_InitStructure                       0x200003c0   Data           4  webi2c.o(.data)
    currentByte                              0x200003c4   Data           4  webi2c.o(.data)
    EEPROM_ADDRESS                           0x200003c8   Data           2  webi2c.o(.data)
    __libspace_start                         0x200003e0   Data          96  libspace.o(.bss)
    __temporary_stack_top$libspace           0x20000440   Data           0  libspace.o(.bss)



==============================================================================

Memory Map of the image

  Image Entry point : 0x08000121

  Load Region LR_IROM1 (Base: 0x08000000, Size: 0x00002878, Max: 0x00020000, ABSOLUTE, COMPRESSED[0x000026d0])

    Execution Region ER_IROM1 (Base: 0x08000000, Size: 0x00002498, Max: 0x00020000, ABSOLUTE)

    Base Addr    Size         Type   Attr      Idx    E Section Name        Object

    0x08000000   0x00000120   Data   RO            3    RESET               startup_stm32f10x_md_vl.o
    0x08000120   0x00000008   Code   RO         3687  * !!!main             c_w.l(__main.o)
    0x08000128   0x00000034   Code   RO         3888    !!!scatter          c_w.l(__scatter.o)
    0x0800015c   0x0000005a   Code   RO         3886    !!dczerorl2         c_w.l(__dczerorl2.o)
    0x080001b6   0x00000002   PAD
    0x080001b8   0x0000001c   Code   RO         3890    !!handler_zi        c_w.l(__scatter_zi.o)
    0x080001d4   0x00000002   Code   RO         3759    .ARM.Collect$$libinit$$00000000  c_w.l(libinit.o)
    0x080001d6   0x00000000   Code   RO         3766    .ARM.Collect$$libinit$$00000002  c_w.l(libinit2.o)
    0x080001d6   0x00000000   Code   RO         3769    .ARM.Collect$$libinit$$00000008  c_w.l(libinit2.o)
    0x080001d6   0x00000000   Code   RO         3771    .ARM.Collect$$libinit$$0000000A  c_w.l(libinit2.o)
    0x080001d6   0x00000000   Code   RO         3773    .ARM.Collect$$libinit$$0000000C  c_w.l(libinit2.o)
    0x080001d6   0x00000000   Code   RO         3776    .ARM.Collect$$libinit$$0000000F  c_w.l(libinit2.o)
    0x080001d6   0x00000000   Code   RO         3778    .ARM.Collect$$libinit$$00000011  c_w.l(libinit2.o)
    0x080001d6   0x00000000   Code   RO         3780    .ARM.Collect$$libinit$$00000013  c_w.l(libinit2.o)
    0x080001d6   0x00000000   Code   RO         3782    .ARM.Collect$$libinit$$00000015  c_w.l(libinit2.o)
    0x080001d6   0x00000000   Code   RO         3784    .ARM.Collect$$libinit$$00000017  c_w.l(libinit2.o)
    0x080001d6   0x00000000   Code   RO         3786    .ARM.Collect$$libinit$$00000019  c_w.l(libinit2.o)
    0x080001d6   0x00000000   Code   RO         3788    .ARM.Collect$$libinit$$0000001B  c_w.l(libinit2.o)
    0x080001d6   0x00000000   Code   RO         3790    .ARM.Collect$$libinit$$0000001D  c_w.l(libinit2.o)
    0x080001d6   0x00000000   Code   RO         3792    .ARM.Collect$$libinit$$0000001F  c_w.l(libinit2.o)
    0x080001d6   0x00000000   Code   RO         3794    .ARM.Collect$$libinit$$00000021  c_w.l(libinit2.o)
    0x080001d6   0x00000000   Code   RO         3796    .ARM.Collect$$libinit$$00000023  c_w.l(libinit2.o)
    0x080001d6   0x00000000   Code   RO         3800    .ARM.Collect$$libinit$$0000002A  c_w.l(libinit2.o)
    0x080001d6   0x00000000   Code   RO         3802    .ARM.Collect$$libinit$$0000002C  c_w.l(libinit2.o)
    0x080001d6   0x00000000   Code   RO         3804    .ARM.Collect$$libinit$$0000002E  c_w.l(libinit2.o)
    0x080001d6   0x00000000   Code   RO         3806    .ARM.Collect$$libinit$$00000030  c_w.l(libinit2.o)
    0x080001d6   0x00000002   Code   RO         3807    .ARM.Collect$$libinit$$00000031  c_w.l(libinit2.o)
    0x080001d8   0x00000002   Code   RO         3827    .ARM.Collect$$libshutdown$$00000000  c_w.l(libshutdown.o)
    0x080001da   0x00000000   Code   RO         3841    .ARM.Collect$$libshutdown$$00000003  c_w.l(libshutdown2.o)
    0x080001da   0x00000000   Code   RO         3844    .ARM.Collect$$libshutdown$$00000006  c_w.l(libshutdown2.o)
    0x080001da   0x00000000   Code   RO         3847    .ARM.Collect$$libshutdown$$00000009  c_w.l(libshutdown2.o)
    0x080001da   0x00000000   Code   RO         3849    .ARM.Collect$$libshutdown$$0000000B  c_w.l(libshutdown2.o)
    0x080001da   0x00000000   Code   RO         3852    .ARM.Collect$$libshutdown$$0000000E  c_w.l(libshutdown2.o)
    0x080001da   0x00000002   Code   RO         3853    .ARM.Collect$$libshutdown$$0000000F  c_w.l(libshutdown2.o)
    0x080001dc   0x00000000   Code   RO         3723    .ARM.Collect$$rtentry$$00000000  c_w.l(rtentry.o)
    0x080001dc   0x00000000   Code   RO         3736    .ARM.Collect$$rtentry$$00000002  c_w.l(rtentry2.o)
    0x080001dc   0x00000006   Code   RO         3748    .ARM.Collect$$rtentry$$00000004  c_w.l(rtentry4.o)
    0x080001e2   0x00000000   Code   RO         3738    .ARM.Collect$$rtentry$$00000009  c_w.l(rtentry2.o)
    0x080001e2   0x00000004   Code   RO         3739    .ARM.Collect$$rtentry$$0000000A  c_w.l(rtentry2.o)
    0x080001e6   0x00000000   Code   RO         3741    .ARM.Collect$$rtentry$$0000000C  c_w.l(rtentry2.o)
    0x080001e6   0x00000008   Code   RO         3742    .ARM.Collect$$rtentry$$0000000D  c_w.l(rtentry2.o)
    0x080001ee   0x00000002   Code   RO         3763    .ARM.Collect$$rtexit$$00000000  c_w.l(rtexit.o)
    0x080001f0   0x00000000   Code   RO         3809    .ARM.Collect$$rtexit$$00000002  c_w.l(rtexit2.o)
    0x080001f0   0x00000004   Code   RO         3810    .ARM.Collect$$rtexit$$00000003  c_w.l(rtexit2.o)
    0x080001f4   0x00000006   Code   RO         3811    .ARM.Collect$$rtexit$$00000004  c_w.l(rtexit2.o)
    0x080001fa   0x00000002   PAD
    0x080001fc   0x00000040   Code   RO            4    .text               startup_stm32f10x_md_vl.o
    0x0800023c   0x00000006   Code   RO         3685    .text               c_w.l(heapauxi.o)
    0x08000242   0x0000004a   Code   RO         3750    .text               c_w.l(sys_stackheap_outer.o)
    0x0800028c   0x0000000c   Code   RO         3752    .text               c_w.l(exit.o)
    0x08000298   0x00000008   Code   RO         3760    .text               c_w.l(libspace.o)
    0x080002a0   0x0000000c   Code   RO         3819    .text               c_w.l(sys_exit.o)
    0x080002ac   0x00000002   Code   RO         3830    .text               c_w.l(use_no_semi.o)
    0x080002ae   0x00000000   Code   RO         3832    .text               c_w.l(indicate_semi.o)
    0x080002ae   0x00000006   Code   RO          720    i.ADC_ClearFlag     stm32f10x_adc.o
    0x080002b4   0x00000016   Code   RO          722    i.ADC_Cmd           stm32f10x_adc.o
    0x080002ca   0x00000002   PAD
    0x080002cc   0x00000054   Code   RO          137    i.ADC_Config        adc.o
    0x08000320   0x0000001c   Code   RO          138    i.ADC_GPIO_Config   adc.o
    0x0800033c   0x00000008   Code   RO          731    i.ADC_GetConversionValue  stm32f10x_adc.o
    0x08000344   0x00000012   Code   RO          733    i.ADC_GetFlagStatus  stm32f10x_adc.o
    0x08000356   0x00000002   PAD
    0x08000358   0x00000050   Code   RO          740    i.ADC_Init          stm32f10x_adc.o
    0x080003a8   0x0000001c   Code   RO          139    i.ADC_RCC_Config    adc.o
    0x080003c4   0x000000b8   Code   RO          744    i.ADC_RegularChannelConfig  stm32f10x_adc.o
    0x0800047c   0x00000016   Code   RO          747    i.ADC_SoftwareStartConvCmd  stm32f10x_adc.o
    0x08000492   0x00000010   Code   RO          140    i.ADC_init          adc.o
    0x080004a2   0x00000002   PAD
    0x080004a4   0x00000030   Code   RO          141    i.ADC_perform_single_conversion  adc.o
    0x080004d4   0x00000044   Code   RO          275    i.GPIO_Config       uart.o
    0x08000518   0x00000024   Code   RO          532    i.GPIO_Configuration  webi2c.o
    0x0800053c   0x00000112   Code   RO         1016    i.GPIO_Init         stm32f10x_gpio.o
    0x0800064e   0x00000020   Code   RO          318    i.GPIO_Init_Mode    humidity.o
    0x0800066e   0x00000012   Code   RO         1020    i.GPIO_ReadInputDataBit  stm32f10x_gpio.o
    0x08000680   0x00000004   Code   RO         1023    i.GPIO_ResetBits    stm32f10x_gpio.o
    0x08000684   0x00000004   Code   RO         1024    i.GPIO_SetBits      stm32f10x_gpio.o
    0x08000688   0x000001ac   Code   RO          533    i.I2C_ACCEL_INIT    webi2c.o
    0x08000834   0x000000d8   Code   RO          534    i.I2C_ACCEL_READ    webi2c.o
    0x0800090c   0x00000018   Code   RO         2904    i.I2C_AcknowledgeConfig  stm32f10x_i2c.o
    0x08000924   0x0000002a   Code   RO         2906    i.I2C_CheckEvent    stm32f10x_i2c.o
    0x0800094e   0x00000018   Code   RO         2909    i.I2C_Cmd           stm32f10x_i2c.o
    0x08000966   0x00000002   PAD
    0x08000968   0x00000040   Code   RO          535    i.I2C_Configuration  webi2c.o
    0x080009a8   0x0000000c   Code   RO          536    i.I2C_EEPROM        webi2c.o
    0x080009b4   0x000000f8   Code   RO          537    i.I2C_EE_BufferRead  webi2c.o
    0x08000aac   0x00000028   Code   RO          542    i.I2C_EE_Init       webi2c.o
    0x08000ad4   0x00000018   Code   RO         2916    i.I2C_GenerateSTART  stm32f10x_i2c.o
    0x08000aec   0x00000018   Code   RO         2917    i.I2C_GenerateSTOP  stm32f10x_i2c.o
    0x08000b04   0x0000003a   Code   RO         2918    i.I2C_GetFlagStatus  stm32f10x_i2c.o
    0x08000b3e   0x00000002   PAD
    0x08000b40   0x000000ec   Code   RO         2923    i.I2C_Init          stm32f10x_i2c.o
    0x08000c2c   0x00000008   Code   RO         2928    i.I2C_ReceiveData   stm32f10x_i2c.o
    0x08000c34   0x00000012   Code   RO         2930    i.I2C_Send7bitAddress  stm32f10x_i2c.o
    0x08000c46   0x00000004   Code   RO         2931    i.I2C_SendData      stm32f10x_i2c.o
    0x08000c4a   0x00000002   PAD
    0x08000c4c   0x00000018   Code   RO          370    i.LCDINIT           lcd.o
    0x08000c64   0x0000001c   Code   RO          206    i.LED_off           leds.o
    0x08000c80   0x0000001c   Code   RO          207    i.LED_on            leds.o
    0x08000c9c   0x00000022   Code   RO          276    i.NVIC_Config       uart.o
    0x08000cbe   0x00000002   PAD
    0x08000cc0   0x00000074   Code   RO          680    i.NVIC_Init         misc.o
    0x08000d34   0x00000014   Code   RO          681    i.NVIC_PriorityGroupConfig  misc.o
    0x08000d48   0x00000018   Code   RO         1124    i.RCC_ADCCLKConfig  stm32f10x_rcc.o
    0x08000d60   0x00000020   Code   RO         1125    i.RCC_AHBPeriphClockCmd  stm32f10x_rcc.o
    0x08000d80   0x00000020   Code   RO         1126    i.RCC_APB1PeriphClockCmd  stm32f10x_rcc.o
    0x08000da0   0x00000020   Code   RO         1128    i.RCC_APB2PeriphClockCmd  stm32f10x_rcc.o
    0x08000dc0   0x00000008   Code   RO          550    i.RCC_Configuration  webi2c.o
    0x08000dc8   0x000000d4   Code   RO         1136    i.RCC_GetClocksFreq  stm32f10x_rcc.o
    0x08000e9c   0x00000008   Code   RO           24    i.SetSysClock       system_stm32f10x.o
    0x08000ea4   0x000000b4   Code   RO           25    i.SetSysClockTo24   system_stm32f10x.o
    0x08000f58   0x00000064   Code   RO           27    i.SystemInit        system_stm32f10x.o
    0x08000fbc   0x00000018   Code   RO         1346    i.TIM_Cmd           stm32f10x_tim.o
    0x08000fd4   0x00000006   Code   RO         1395    i.TIM_PrescalerConfig  stm32f10x_tim.o
    0x08000fda   0x00000002   PAD
    0x08000fdc   0x000000a4   Code   RO         1417    i.TIM_TimeBaseInit  stm32f10x_tim.o
    0x08001080   0x00000012   Code   RO         1418    i.TIM_TimeBaseStructInit  stm32f10x_tim.o
    0x08001092   0x00000002   PAD
    0x08001094   0x00000064   Code   RO          277    i.UART_init         uart.o
    0x080010f8   0x00000030   Code   RO          279    i.UART_send_byte    uart.o
    0x08001128   0x00000060   Code   RO          280    i.USART1_IRQHandler  uart.o
    0x08001188   0x00000012   Code   RO         1878    i.USART_ClearFlag   stm32f10x_usart.o
    0x0800119a   0x0000001e   Code   RO         1879    i.USART_ClearITPendingBit  stm32f10x_usart.o
    0x080011b8   0x00000018   Code   RO         1882    i.USART_Cmd         stm32f10x_usart.o
    0x080011d0   0x0000001a   Code   RO         1885    i.USART_GetFlagStatus  stm32f10x_usart.o
    0x080011ea   0x00000054   Code   RO         1886    i.USART_GetITStatus  stm32f10x_usart.o
    0x0800123e   0x0000004a   Code   RO         1888    i.USART_ITConfig    stm32f10x_usart.o
    0x08001288   0x000000d8   Code   RO         1889    i.USART_Init        stm32f10x_usart.o
    0x08001360   0x0000000a   Code   RO         1896    i.USART_ReceiveData  stm32f10x_usart.o
    0x0800136a   0x00000008   Code   RO         1899    i.USART_SendData    stm32f10x_usart.o
    0x08001372   0x00000002   PAD
    0x08001374   0x000000a0   Code   RO          372    i.begin             lcd.o
    0x08001414   0x00000094   Code   RO          240    i.check_and_process_received_command  main.o
    0x080014a8   0x00000012   Code   RO          374    i.clear             lcd.o
    0x080014ba   0x0000000e   Code   RO          375    i.command           lcd.o
    0x080014c8   0x0000001a   Code   RO          377    i.delayMicroseconds  lcd.o
    0x080014e2   0x00000002   PAD
    0x080014e4   0x0000004c   Code   RO          662    i.delay_init        timer.o
    0x08001530   0x00000018   Code   RO          663    i.delay_ms          timer.o
    0x08001548   0x00000020   Code   RO          378    i.display           lcd.o
    0x08001568   0x00000008   Code   RO          142    i.getTemperature    adc.o
    0x08001570   0x00000012   Code   RO          379    i.home              lcd.o
    0x08001582   0x00000002   PAD
    0x08001584   0x00000014   Code   RO          319    i.humidity_init     humidity.o
    0x08001598   0x00000078   Code   RO          208    i.init_GPIO_pins    leds.o
    0x08001610   0x000000e0   Code   RO          241    i.main              main.o
    0x080016f0   0x00000020   Code   RO          382    i.noBlink           lcd.o
    0x08001710   0x00000020   Code   RO          383    i.noCursor          lcd.o
    0x08001730   0x00000034   Code   RO          385    i.pulseEnable       lcd.o
    0x08001764   0x00000034   Code   RO          320    i.readcapacitance   humidity.o
    0x08001798   0x000001cc   Code   RO          321    i.readhumidity      humidity.o
    0x08001964   0x00000030   Code   RO          389    i.send              lcd.o
    0x08001994   0x00000038   Code   RO          390    i.setCursor         lcd.o
    0x080019cc   0x00000130   Code   RO          209    i.setLEDS           leds.o
    0x08001afc   0x00000010   Code   RO          391    i.write             lcd.o
    0x08001b0c   0x00000078   Code   RO          392    i.write4bits        lcd.o
    0x08001b84   0x000000a4   Code   RO          393    i.writenumber       lcd.o
    0x08001c28   0x00000062   Code   RO         3689    x$fpl$d2f           fz_ws.l(d2f.o)
    0x08001c8a   0x0000002e   Code   RO         3692    x$fpl$dflt          fz_ws.l(dflt_clz.o)
    0x08001cb8   0x00000154   Code   RO         3697    x$fpl$dmul          fz_ws.l(dmul.o)
    0x08001e0c   0x0000009c   Code   RO         3724    x$fpl$dnaninf       fz_ws.l(dnaninf.o)
    0x08001ea8   0x0000000c   Code   RO         3726    x$fpl$dretinf       fz_ws.l(dretinf.o)
    0x08001eb4   0x000000c4   Code   RO         3699    x$fpl$fadd          fz_ws.l(faddsub_clz.o)
    0x08001f78   0x00000018   Code   RO         3728    x$fpl$fcmpinf       fz_ws.l(fcmpi.o)
    0x08001f90   0x00000184   Code   RO         3706    x$fpl$fdiv          fz_ws.l(fdiv.o)
    0x08002114   0x00000036   Code   RO         3709    x$fpl$ffix          fz_ws.l(ffix.o)
    0x0800214a   0x00000002   PAD
    0x0800214c   0x00000030   Code   RO         3714    x$fpl$fflt          fz_ws.l(fflt_clz.o)
    0x0800217c   0x00000068   Code   RO         3719    x$fpl$fleqf         fz_ws.l(fleqf.o)
    0x080021e4   0x00000102   Code   RO         3721    x$fpl$fmul          fz_ws.l(fmul.o)
    0x080022e6   0x0000008c   Code   RO         3730    x$fpl$fnaninf       fz_ws.l(fnaninf.o)
    0x08002372   0x0000000a   Code   RO         3732    x$fpl$fretinf       fz_ws.l(fretinf.o)
    0x0800237c   0x000000ea   Code   RO         3701    x$fpl$fsub          fz_ws.l(faddsub_clz.o)
    0x08002466   0x00000000   Code   RO         3734    x$fpl$usenofp       fz_ws.l(usenofp.o)
    0x08002466   0x00000002   PAD
    0x08002468   0x00000010   Data   RO          394    .constdata          lcd.o
    0x08002478   0x00000020   Data   RO         3884    Region$$Table       anon$$obj.o


    Execution Region RW_IRAM1 (Base: 0x20000000, Size: 0x00000a40, Max: 0x00002000, ABSOLUTE, COMPRESSED[0x00000238])

    Base Addr    Size         Type   Attr      Idx    E Section Name        Object

    0x20000000   0x00000004   Data   RW          210    .data               leds.o
    0x20000004   0x00000011   Data   RW          242    .data               main.o
    0x20000015   0x00000003   PAD
    0x20000018   0x00000330   Data   RW          322    .data               humidity.o
    0x20000348   0x00000011   Data   RW          395    .data               lcd.o
    0x20000359   0x00000003   PAD
    0x2000035c   0x0000006e   Data   RW          552    .data               webi2c.o
    0x200003ca   0x00000014   Data   RW         1157    .data               stm32f10x_rcc.o
    0x200003de   0x00000002   PAD
    0x200003e0   0x00000060   Zero   RW         3761    .bss                c_w.l(libspace.o)
    0x20000440   0x00000200   Zero   RW            2    HEAP                startup_stm32f10x_md_vl.o
    0x20000640   0x00000400   Zero   RW            1    STACK               startup_stm32f10x_md_vl.o


==============================================================================

Image component sizes


      Code (inc. data)   RO Data    RW Data    ZI Data      Debug   Object Name

       212         14          0          0          0     216732   adc.o
         0          0          0          0          0       4212   core_cm3.o
       564         26          0        816          0     216787   humidity.o
       812         82         16         17          0       7494   lcd.o
       480         44          0          4          0       2008   leds.o
       372         22          0         17          0       2413   main.o
       136         24          0          0          0       1471   misc.o
        64         26        288          0       1536        768   startup_stm32f10x_md_vl.o
       340         10          0          0          0       6116   stm32f10x_adc.o
       300          0          0          0          0       3516   stm32f10x_gpio.o
       462         14          0          0          0       7376   stm32f10x_i2c.o
       332         46          0         20          0       5461   stm32f10x_rcc.o
       212         42          0          0          0       2760   stm32f10x_tim.o
       490          6          0          0          0       7053   stm32f10x_usart.o
       288         22          0          0          0      54829   system_stm32f10x.o
       100         12          0          0          0        848   timer.o
       346         34          0          0          0       2245   uart.o
      1052         58          0        110          0       5807   webi2c.o

    ----------------------------------------------------------------------
      6586        482        336        992       1536     547896   Object Totals
         0          0         32          0          0          0   (incl. Generated)
        24          0          0          8          0          0   (incl. Padding)

    ----------------------------------------------------------------------

      Code (inc. data)   RO Data    RW Data    ZI Data      Debug   Library Member Name

        90          0          0          0          0          0   __dczerorl2.o
         8          0          0          0          0         68   __main.o
        52          8          0          0          0          0   __scatter.o
        28          0          0          0          0          0   __scatter_zi.o
        12          0          0          0          0         72   exit.o
         6          0          0          0          0        152   heapauxi.o
         0          0          0          0          0          0   indicate_semi.o
         2          0          0          0          0          0   libinit.o
         2          0          0          0          0          0   libinit2.o
         2          0          0          0          0          0   libshutdown.o
         2          0          0          0          0          0   libshutdown2.o
         8          4          0          0         96         68   libspace.o
         0          0          0          0          0          0   rtentry.o
        12          0          0          0          0          0   rtentry2.o
         6          0          0          0          0          0   rtentry4.o
         2          0          0          0          0          0   rtexit.o
        10          0          0          0          0          0   rtexit2.o
        12          4          0          0          0         68   sys_exit.o
        74          0          0          0          0         80   sys_stackheap_outer.o
         2          0          0          0          0         68   use_no_semi.o
        98          4          0          0          0         92   d2f.o
        46          0          0          0          0         68   dflt_clz.o
       340         12          0          0          0        104   dmul.o
       156          4          0          0          0         92   dnaninf.o
        12          0          0          0          0         68   dretinf.o
       430          8          0          0          0        168   faddsub_clz.o
        24          0          0          0          0         68   fcmpi.o
       388         76          0          0          0         96   fdiv.o
        54          4          0          0          0         84   ffix.o
        48          0          0          0          0         68   fflt_clz.o
       104          4          0          0          0         84   fleqf.o
       258          4          0          0          0         84   fmul.o
       140          4          0          0          0         84   fnaninf.o
        10          0          0          0          0         68   fretinf.o
         0          0          0          0          0          0   usenofp.o

    ----------------------------------------------------------------------
      2446        136          0          0         96       1804   Library Totals
         8          0          0          0          0          0   (incl. Padding)

    ----------------------------------------------------------------------

      Code (inc. data)   RO Data    RW Data    ZI Data      Debug   Library Name

       330         16          0          0         96        576   c_w.l
      2108        120          0          0          0       1228   fz_ws.l

    ----------------------------------------------------------------------
      2446        136          0          0         96       1804   Library Totals

    ----------------------------------------------------------------------

==============================================================================


      Code (inc. data)   RO Data    RW Data    ZI Data      Debug   

      9032        618        336        992       1632     544032   Grand Totals
      9032        618        336        568       1632     544032   ELF Image Totals (compressed)
      9032        618        336        568          0          0   ROM Totals

==============================================================================

    Total RO  Size (Code + RO Data)                 9368 (   9.15kB)
    Total RW  Size (RW Data + ZI Data)              2624 (   2.56kB)
    Total ROM Size (Code + RO Data + RW Data)       9936 (   9.70kB)

==============================================================================

